<html>
<body>
<pre>
<h1>µVision Build Log</h1>
<h2>Tool Versions:</h2>
IDE-Version: ¦ÌVision V5.21.1.0
Copyright (C) 2016 ARM Ltd and ARM Germany GmbH. All rights reserved.
License Information: w Microsoft, Microsoft, LIC=2TTQD-87RJQ-VJK6J-U4S7L-T85HU-SUF4U
 
Tool Versions:
Toolchain:       MDK-ARM Professional  Version: 5.21a
Toolchain Path:  D:\Program Files (x86)\Keil_v5\ARM\ARMCC\Bin
C Compiler:      Armcc.exe V5.06 update 3 (build 300)
Assembler:       Armasm.exe V5.06 update 3 (build 300)
Linker/Locator:  ArmLink.exe V5.06 update 3 (build 300)
Library Manager: ArmAr.exe V5.06 update 3 (build 300)
Hex Converter:   FromElf.exe V5.06 update 3 (build 300)
CPU DLL:         SARMCM3.DLL V5.21a
Dialog DLL:      DCM.DLL V1.13.8.0
Target DLL:      STLink\ST-LINKIII-KEIL_SWO.dll V2.0.18.0
Dialog DLL:      TCM.DLL V1.14.14.0
 
<h2>Project:</h2>
C:\Users\Administrator\Desktop\OLED_STM32F429IGT6\USER\OV5640.uvprojx
Project File Date:  08/06/2018

<h2>Output:</h2>
*** Using Compiler 'V5.06 update 3 (build 300)', folder: 'D:\Program Files (x86)\Keil_v5\ARM\ARMCC\Bin'
Build target 'OLED'
compiling oled.c...
..\HARDWARE\oled\oled.c(25): warning:  #223-D: function "IIC_Start" declared implicitly
  	IIC_Start();
..\HARDWARE\oled\oled.c(26): warning:  #223-D: function "IIC_Send_Byte" declared implicitly
  	IIC_Send_Byte(OLED_ADDRESS);
..\HARDWARE\oled\oled.c(28): warning:  #223-D: function "IIC_Wait_Ack" declared implicitly
  	ret |= IIC_Wait_Ack();
..\HARDWARE\oled\oled.c(36): warning:  #223-D: function "IIC_Stop" declared implicitly
  	IIC_Stop();
..\HARDWARE\oled\oled.c: 4 warnings, 0 errors
compiling main.c...
main.c(23): warning:  #223-D: function "IIC_Init" declared implicitly
  	IIC_Init();
main.c(24): warning:  #223-D: function "OLED_Init" declared implicitly
  	OLED_Init();
main.c(25): warning:  #223-D: function "OLED_ShowStr" declared implicitly
  	OLED_ShowStr(90,1,"yuan",1); 
main.c(29): warning:  #223-D: function "OLED_ShowCN" declared implicitly
  		OLED_ShowCN(10+i*16,0,i);  
main.c(32): warning:  #223-D: function "OLED_DrawBMP" declared implicitly
  	OLED_DrawBMP(0,0,128,8,(unsigned char *)BMP1);
main.c(13): warning:  #177-D: variable "key" was declared but never referenced
  	u8 key;
main.c(14): warning:  #177-D: variable "t" was declared but never referenced
  	u8 t;
main.c: 7 warnings, 0 errors
linking...
Program Size: Code=11742 RO-data=2706 RW-data=1476 ZI-data=1956  
FromELF: creating hex file...
"..\OBJ\OLED.axf" - 0 Error(s), 11 Warning(s).

<h2>Collection of Component include folders:</h2>
  C:\Users\Administrator\Desktop\OLED_STM32F429IGT6\USER\RTE
  D:\Program Files (x86)\Keil_v5\ARM\PACK\Keil\STM32F4xx_DFP\2.13.0\Drivers\CMSIS\Device\ST\STM32F4xx\Include

<h2>Collection of Component Files used:</h2>
Build Time Elapsed:  00:00:05
</pre>
</body>
</html>
