Component: ARM Compiler 5.06 update 3 (build 300) Tool: armlink [4d35c9]

==============================================================================

Section Cross References

    main.o(i.jpeg_data_process) refers to lcd.o(i.LCD_SetCursor) for LCD_SetCursor
    main.o(i.jpeg_data_process) refers to lcd.o(i.LCD_WriteRAM_Prepare) for LCD_WriteRAM_Prepare
    main.o(i.jpeg_data_process) refers to main.o(.data) for .data
    main.o(i.jpeg_data_process) refers to dcmi.o(.bss) for DMADMCI_Handler
    main.o(i.jpeg_data_process) refers to main.o(.ARM.__AT_0xC01F4000) for .ARM.__AT_0xC01F4000
    main.o(i.jpeg_data_process) refers to main.o(.bss) for .bss
    main.o(i.jpeg_dcmi_rx_callback) refers to main.o(.ARM.__AT_0xC01F4000) for .ARM.__AT_0xC01F4000
    main.o(i.jpeg_dcmi_rx_callback) refers to main.o(.data) for .data
    main.o(i.jpeg_dcmi_rx_callback) refers to dcmi.o(.bss) for DMADMCI_Handler
    main.o(i.jpeg_dcmi_rx_callback) refers to main.o(.bss) for .bss
    main.o(i.jpeg_test) refers to _printf_percent.o(.ARM.Collect$$_printf_percent$$00000000) for _printf_percent
    main.o(i.jpeg_test) refers to _printf_s.o(.ARM.Collect$$_printf_percent$$00000014) for _printf_s
    main.o(i.jpeg_test) refers to _printf_str.o(.text) for _printf_str
    main.o(i.jpeg_test) refers to _printf_d.o(.ARM.Collect$$_printf_percent$$00000009) for _printf_d
    main.o(i.jpeg_test) refers to _printf_dec.o(.text) for _printf_int_dec
    main.o(i.jpeg_test) refers to lcd.o(i.LCD_Clear) for LCD_Clear
    main.o(i.jpeg_test) refers to lcd.o(i.LCD_ShowString) for LCD_ShowString
    main.o(i.jpeg_test) refers to noretval__2sprintf.o(.text) for __2sprintf
    main.o(i.jpeg_test) refers to ov5640.o(i.OV5640_RGB565_Mode) for OV5640_RGB565_Mode
    main.o(i.jpeg_test) refers to ov5640.o(i.OV5640_Focus_Init) for OV5640_Focus_Init
    main.o(i.jpeg_test) refers to ov5640.o(i.OV5640_JPEG_Mode) for OV5640_JPEG_Mode
    main.o(i.jpeg_test) refers to ov5640.o(i.OV5640_Light_Mode) for OV5640_Light_Mode
    main.o(i.jpeg_test) refers to ov5640.o(i.OV5640_Color_Saturation) for OV5640_Color_Saturation
    main.o(i.jpeg_test) refers to ov5640.o(i.OV5640_Brightness) for OV5640_Brightness
    main.o(i.jpeg_test) refers to ov5640.o(i.OV5640_Contrast) for OV5640_Contrast
    main.o(i.jpeg_test) refers to ov5640.o(i.OV5640_Sharpness) for OV5640_Sharpness
    main.o(i.jpeg_test) refers to ov5640.o(i.OV5640_Focus_Constant) for OV5640_Focus_Constant
    main.o(i.jpeg_test) refers to dcmi.o(i.DCMI_Init) for DCMI_Init
    main.o(i.jpeg_test) refers to dcmi.o(i.DCMI_DMA_Init) for DCMI_DMA_Init
    main.o(i.jpeg_test) refers to ov5640.o(i.OV5640_OutSize_Set) for OV5640_OutSize_Set
    main.o(i.jpeg_test) refers to dcmi.o(i.DCMI_Start) for DCMI_Start
    main.o(i.jpeg_test) refers to noretval__2printf.o(.text) for __2printf
    main.o(i.jpeg_test) refers to key.o(i.KEY_Scan) for KEY_Scan
    main.o(i.jpeg_test) refers to ov5640.o(i.OV5640_Focus_Single) for OV5640_Focus_Single
    main.o(i.jpeg_test) refers to ov5640.o(i.OV5640_Special_Effects) for OV5640_Special_Effects
    main.o(i.jpeg_test) refers to lcd.o(i.LCD_Fill) for LCD_Fill
    main.o(i.jpeg_test) refers to delay.o(i.delay_ms) for delay_ms
    main.o(i.jpeg_test) refers to lcd.o(.data) for POINT_COLOR
    main.o(i.jpeg_test) refers to main.o(.data) for .data
    main.o(i.jpeg_test) refers to main.o(i.jpeg_dcmi_rx_callback) for jpeg_dcmi_rx_callback
    main.o(i.jpeg_test) refers to dcmi.o(.data) for dcmi_rx_callback
    main.o(i.jpeg_test) refers to main.o(.bss) for .bss
    main.o(i.jpeg_test) refers to main.o(.constdata) for .constdata
    main.o(i.jpeg_test) refers to main.o(.ARM.__AT_0xC01F4000) for .ARM.__AT_0xC01F4000
    main.o(i.main) refers to stm32f4xx_hal.o(i.HAL_Init) for HAL_Init
    main.o(i.main) refers to sys.o(i.Stm32_Clock_Init) for Stm32_Clock_Init
    main.o(i.main) refers to delay.o(i.delay_init) for delay_init
    main.o(i.main) refers to usart.o(i.uart_init) for uart_init
    main.o(i.main) refers to usart2.o(i.usart2_init) for usart2_init
    main.o(i.main) refers to led.o(i.LED_Init) for LED_Init
    main.o(i.main) refers to key.o(i.KEY_Init) for KEY_Init
    main.o(i.main) refers to sdram.o(i.SDRAM_Init) for SDRAM_Init
    main.o(i.main) refers to lcd.o(i.LCD_Init) for LCD_Init
    main.o(i.main) refers to timer.o(i.TIM3_Init) for TIM3_Init
    main.o(i.main) refers to lcd.o(i.LCD_ShowString) for LCD_ShowString
    main.o(i.main) refers to delay.o(i.delay_ms) for delay_ms
    main.o(i.main) refers to lcd.o(i.LCD_Fill) for LCD_Fill
    main.o(i.main) refers to ov5640.o(i.OV5640_Init) for OV5640_Init
    main.o(i.main) refers to key.o(i.KEY_Scan) for KEY_Scan
    main.o(i.main) refers to main.o(i.rgb565_test) for rgb565_test
    main.o(i.main) refers to main.o(i.jpeg_test) for jpeg_test
    main.o(i.main) refers to usmart_config.o(.data) for usmart_dev
    main.o(i.main) refers to lcd.o(.data) for POINT_COLOR
    main.o(i.main) refers to main.o(.data) for .data
[...]
    .data                                    0x20000068   Section        1  key.o(.data)
    key_up                                   0x20000068   Data           1  key.o(.data)
    .data                                    0x2000006c   Section        8  lcd.o(.data)
    .data                                    0x20000074   Section        8  ltdc.o(.data)
    .data                                    0x2000007c   Section        8  dcmi.o(.data)
    .data                                    0x20000084   Section       28  usmart.o(.data)
    .data                                    0x200000a0   Section      152  usmart_config.o(.data)
    .data                                    0x20000138   Section      244  usmart_config.o(.data)
    .bss                                     0x2000022c   Section    16384  main.o(.bss)
    .bss                                     0x2000422c   Section      264  usart.o(.bss)
    .bss                                     0x20004334   Section       94  lcd.o(.bss)
    .bss                                     0x20004394   Section       52  sdram.o(.bss)
    .bss                                     0x200043c8   Section      200  ltdc.o(.bss)
    .bss                                     0x20004490   Section       60  timer.o(.bss)
    .bss                                     0x200044cc   Section       64  usart2.o(.bss)
    .bss                                     0x2000450c   Section      152  dcmi.o(.bss)
    .bss                                     0x200045a4   Section       60  usmart.o(.bss)
    .bss                                     0x200045e0   Section       96  libspace.o(.bss)
    HEAP                                     0x20004640   Section      512  startup_stm32f429xx.o(HEAP)
    Heap_Mem                                 0x20004640   Data         512  startup_stm32f429xx.o(HEAP)
    STACK                                    0x20004840   Section     1024  startup_stm32f429xx.o(STACK)
    Stack_Mem                                0x20004840   Data        1024  startup_stm32f429xx.o(STACK)
    __initial_sp                             0x20004c40   Data           0  startup_stm32f429xx.o(STACK)
    .ARM.__AT_0xC0000000                     0xc0000000   Section    2048000  ltdc.o(.ARM.__AT_0xC0000000)
    .ARM.__AT_0xC01F4000                     0xc01f4000   Section    125829120  main.o(.ARM.__AT_0xC01F4000)

    Global Symbols

    Symbol Name                              Value     Ov Type        Size  Object(Section)

    BuildAttributes$$THM_ISAv4$E$P$D$K$B$S$7EM$VFPi3$EXTD16$VFPS$VFMA$PE$A:L22UL41UL21$X:L11$S22US41US21$IEEE1$IW$USESV6$~STKCKD$USESV7$~SHL$OSPACE$ROPI$EBA8$UX$STANDARDLIB$REQ8$PRES8$EABIv2 0x00000000   Number         0  anon$$obj.o ABSOLUTE
    __ARM_use_no_argv                        0x00000000   Number         0  main.o ABSOLUTE
    _printf_flags                            0x00000000   Number         0  printf_stubs.o ABSOLUTE
    _printf_return_value                     0x00000000   Number         0  printf_stubs.o ABSOLUTE
    _printf_sizespec                         0x00000000   Number         0  printf_stubs.o ABSOLUTE
    _printf_widthprec                        0x00000000   Number         0  printf_stubs.o ABSOLUTE
    __ARM_exceptions_init                     - Undefined Weak Reference
    __alloca_initialize                       - Undefined Weak Reference
    __arm_preinit_                            - Undefined Weak Reference
    __cpp_initialize__aeabi_                  - Undefined Weak Reference
    __cxa_finalize                            - Undefined Weak Reference
    __rt_locale                               - Undefined Weak Reference
    __sigvec_lookup                           - Undefined Weak Reference
    _atexit_init                              - Undefined Weak Reference
    _call_atexit_fns                          - Undefined Weak Reference
    _clock_init                               - Undefined Weak Reference
    _fp_trap_init                             - Undefined Weak Reference
    _fp_trap_shutdown                         - Undefined Weak Reference
    _get_lc_collate                           - Undefined Weak Reference
    _get_lc_ctype                             - Undefined Weak Reference
    _get_lc_monetary                          - Undefined Weak Reference
    _get_lc_numeric                           - Undefined Weak Reference
    _get_lc_time                              - Undefined Weak Reference
    _getenv_init                              - Undefined Weak Reference
    _handle_redirection                       - Undefined Weak Reference
    _init_alloc                               - Undefined Weak Reference
    _init_user_alloc                          - Undefined Weak Reference
    _initio                                   - Undefined Weak Reference
    _mutex_acquire                            - Undefined Weak Reference
    _mutex_release                            - Undefined Weak Reference
    _printf_mbtowc                            - Undefined Weak Reference
    _printf_truncate_signed                   - Undefined Weak Reference
    _printf_truncate_unsigned                 - Undefined Weak Reference
    _rand_init                                - Undefined Weak Reference
    _signal_finish                            - Undefined Weak Reference
    _signal_init                              - Undefined Weak Reference
    _terminate_alloc                          - Undefined Weak Reference
    _terminate_user_alloc                     - Undefined Weak Reference
    _terminateio                              - Undefined Weak Reference
    __Vectors_Size                           0x000001ac   Number         0  startup_stm32f429xx.o ABSOLUTE
    __Vectors                                0x08000000   Data           4  startup_stm32f429xx.o(RESET)
    __Vectors_End                            0x080001ac   Data           0  startup_stm32f429xx.o(RESET)
    __main                                   0x080001ad   Thumb Code     8  __main.o(!!!main)
    __scatterload                            0x080001b5   Thumb Code     0  __scatter.o(!!!scatter)
    __scatterload_rt2                        0x080001b5   Thumb Code    44  __scatter.o(!!!scatter)
    __scatterload_rt2_thumb_only             0x080001b5   Thumb Code     0  __scatter.o(!!!scatter)
    __scatterload_null                       0x080001c3   Thumb Code     0  __scatter.o(!!!scatter)
    __decompress                             0x080001e9   Thumb Code    90  __dczerorl2.o(!!dczerorl2)
    __decompress1                            0x080001e9   Thumb Code     0  __dczerorl2.o(!!dczerorl2)
    __scatterload_zeroinit                   0x08000245   Thumb Code    28  __scatter_zi.o(!!handler_zi)
    _printf_d                                0x08000261   Thumb Code     0  _printf_d.o(.ARM.Collect$$_printf_percent$$00000009)
    _printf_percent                          0x08000261   Thumb Code     0  _printf_percent.o(.ARM.Collect$$_printf_percent$$00000000)
    _printf_u                                0x08000267   Thumb Code     0  _printf_u.o(.ARM.Collect$$_printf_percent$$0000000A)
    _printf_x                                0x0800026d   Thumb Code     0  _printf_x.o(.ARM.Collect$$_printf_percent$$0000000C)
    _printf_c                                0x08000273   Thumb Code     0  _printf_c.o(.ARM.Collect$$_printf_percent$$00000013)
    _printf_s                                0x08000279   Thumb Code     0  _printf_s.o(.ARM.Collect$$_printf_percent$$00000014)
    _printf_percent_end                      0x0800027f   Thumb Code     0  _printf_percent_end.o(.ARM.Collect$$_printf_percent$$00000017)
    __rt_lib_init                            0x08000283   Thumb Code     0  libinit.o(.ARM.Collect$$libinit$$00000000)
    __rt_lib_init_fp_1                       0x08000285   Thumb Code     0  libinit2.o(.ARM.Collect$$libinit$$00000001)
    __rt_lib_init_alloca_1                   0x08000289   Thumb Code     0  libinit2.o(.ARM.Collect$$libinit$$0000002E)
    __rt_lib_init_argv_1                     0x08000289   Thumb Code     0  libinit2.o(.ARM.Collect$$libinit$$0000002C)
    __rt_lib_init_atexit_1                   0x08000289   Thumb Code     0  libinit2.o(.ARM.Collect$$libinit$$0000001B)
    __rt_lib_init_clock_1                    0x08000289   Thumb Code     0  libinit2.o(.ARM.Collect$$libinit$$00000021)
    __rt_lib_init_cpp_1                      0x08000289   Thumb Code     0  libinit2.o(.ARM.Collect$$libinit$$00000032)
    __rt_lib_init_exceptions_1               0x08000289   Thumb Code     0  libinit2.o(.ARM.Collect$$libinit$$00000030)
    __rt_lib_init_fp_trap_1                  0x08000289   Thumb Code     0  libinit2.o(.ARM.Collect$$libinit$$0000001F)
    __rt_lib_init_getenv_1                   0x08000289   Thumb Code     0  libinit2.o(.ARM.Collect$$libinit$$00000023)
    __rt_lib_init_heap_1                     0x08000289   Thumb Code     0  libinit2.o(.ARM.Collect$$libinit$$0000000A)
    __rt_lib_init_lc_collate_1               0x08000289   Thumb Code     0  libinit2.o(.ARM.Collect$$libinit$$00000011)
    __rt_lib_init_lc_ctype_1                 0x08000289   Thumb Code     0  libinit2.o(.ARM.Collect$$libinit$$00000013)
    __rt_lib_init_lc_monetary_1              0x08000289   Thumb Code     0  libinit2.o(.ARM.Collect$$libinit$$00000015)
    __rt_lib_init_lc_numeric_1               0x08000289   Thumb Code     0  libinit2.o(.ARM.Collect$$libinit$$00000017)
    __rt_lib_init_lc_time_1                  0x08000289   Thumb Code     0  libinit2.o(.ARM.Collect$$libinit$$00000019)
    __rt_lib_init_preinit_1                  0x08000289   Thumb Code     0  libinit2.o(.ARM.Collect$$libinit$$00000004)
    __rt_lib_init_rand_1                     0x08000289   Thumb Code     0  libinit2.o(.ARM.Collect$$libinit$$0000000E)
    __rt_lib_init_return                     0x08000289   Thumb Code     0  libinit2.o(.ARM.Collect$$libinit$$00000033)
    __rt_lib_init_signal_1                   0x08000289   Thumb Code     0  libinit2.o(.ARM.Collect$$libinit$$0000001D)
    __rt_lib_init_stdio_1                    0x08000289   Thumb Code     0  libinit2.o(.ARM.Collect$$libinit$$00000025)
    __rt_lib_init_user_alloc_1               0x08000289   Thumb Code     0  libinit2.o(.ARM.Collect$$libinit$$0000000C)
    __rt_lib_shutdown                        0x0800028b   Thumb Code     0  libshutdown.o(.ARM.Collect$$libshutdown$$00000000)
    __rt_lib_shutdown_cpp_1                  0x0800028d   Thumb Code     0  libshutdown2.o(.ARM.Collect$$libshutdown$$00000002)
    __rt_lib_shutdown_fp_trap_1              0x0800028d   Thumb Code     0  libshutdown2.o(.ARM.Collect$$libshutdown$$00000007)
    __rt_lib_shutdown_heap_1                 0x0800028d   Thumb Code     0  libshutdown2.o(.ARM.Collect$$libshutdown$$0000000F)
    __rt_lib_shutdown_return                 0x0800028d   Thumb Code     0  libshutdown2.o(.ARM.Collect$$libshutdown$$00000010)
    __rt_lib_shutdown_signal_1               0x0800028d   Thumb Code     0  libshutdown2.o(.ARM.Collect$$libshutdown$$0000000A)
    __rt_lib_shutdown_stdio_1                0x0800028d   Thumb Code     0  libshutdown2.o(.ARM.Collect$$libshutdown$$00000004)
    __rt_lib_shutdown_user_alloc_1           0x0800028d   Thumb Code     0  libshutdown2.o(.ARM.Collect$$libshutdown$$0000000C)
    __rt_entry                               0x0800028f   Thumb Code     0  __rtentry.o(.ARM.Collect$$rtentry$$00000000)
    __rt_entry_presh_1                       0x0800028f   Thumb Code     0  __rtentry2.o(.ARM.Collect$$rtentry$$00000002)
    __rt_entry_sh                            0x0800028f   Thumb Code     0  __rtentry4.o(.ARM.Collect$$rtentry$$00000004)
    __rt_entry_li                            0x08000295   Thumb Code     0  __rtentry2.o(.ARM.Collect$$rtentry$$0000000A)
    __rt_entry_postsh_1                      0x08000295   Thumb Code     0  __rtentry2.o(.ARM.Collect$$rtentry$$00000009)
    __rt_entry_main                          0x08000299   Thumb Code     0  __rtentry2.o(.ARM.Collect$$rtentry$$0000000D)
    __rt_entry_postli_1                      0x08000299   Thumb Code     0  __rtentry2.o(.ARM.Collect$$rtentry$$0000000C)
    __rt_exit                                0x080002a1   Thumb Code     0  rtexit.o(.ARM.Collect$$rtexit$$00000000)
    __rt_exit_ls                             0x080002a3   Thumb Code     0  rtexit2.o(.ARM.Collect$$rtexit$$00000003)
    __rt_exit_prels_1                        0x080002a3   Thumb Code     0  rtexit2.o(.ARM.Collect$$rtexit$$00000002)
    __rt_exit_exit                           0x080002a7   Thumb Code     0  rtexit2.o(.ARM.Collect$$rtexit$$00000004)
    Reset_Handler                            0x080002ad   Thumb Code     8  startup_stm32f429xx.o(.text)
    ADC_IRQHandler                           0x080002c7   Thumb Code     0  startup_stm32f429xx.o(.text)
    CAN1_RX0_IRQHandler                      0x080002c7   Thumb Code     0  startup_stm32f429xx.o(.text)
    CAN1_RX1_IRQHandler                      0x080002c7   Thumb Code     0  startup_stm32f429xx.o(.text)
    CAN1_SCE_IRQHandler                      0x080002c7   Thumb Code     0  startup_stm32f429xx.o(.text)
    CAN1_TX_IRQHandler                       0x080002c7   Thumb Code     0  startup_stm32f429xx.o(.text)
    CAN2_RX0_IRQHandler                      0x080002c7   Thumb Code     0  startup_stm32f429xx.o(.text)
    CAN2_RX1_IRQHandler                      0x080002c7   Thumb Code     0  startup_stm32f429xx.o(.text)
    CAN2_SCE_IRQHandler                      0x080002c7   Thumb Code     0  startup_stm32f429xx.o(.text)
    CAN2_TX_IRQHandler                       0x080002c7   Thumb Code     0  startup_stm32f429xx.o(.text)
    DMA1_Stream0_IRQHandler                  0x080002c7   Thumb Code     0  startup_stm32f429xx.o(.text)
    DMA1_Stream1_IRQHandler                  0x080002c7   Thumb Code     0  startup_stm32f429xx.o(.text)
    DMA1_Stream2_IRQHandler                  0x080002c7   Thumb Code     0  startup_stm32f429xx.o(.text)
    DMA1_Stream3_IRQHandler                  0x080002c7   Thumb Code     0  startup_stm32f429xx.o(.text)
    DMA1_Stream4_IRQHandler                  0x080002c7   Thumb Code     0  startup_stm32f429xx.o(.text)
    DMA1_Stream5_IRQHandler                  0x080002c7   Thumb Code     0  startup_stm32f429xx.o(.text)
    DMA1_Stream6_IRQHandler                  0x080002c7   Thumb Code     0  startup_stm32f429xx.o(.text)
    DMA1_Stream7_IRQHandler                  0x080002c7   Thumb Code     0  startup_stm32f429xx.o(.text)
    DMA2D_IRQHandler                         0x080002c7   Thumb Code     0  startup_stm32f429xx.o(.text)
    DMA2_Stream0_IRQHandler                  0x080002c7   Thumb Code     0  startup_stm32f429xx.o(.text)
    DMA2_Stream2_IRQHandler                  0x080002c7   Thumb Code     0  startup_stm32f429xx.o(.text)
    DMA2_Stream3_IRQHandler                  0x080002c7   Thumb Code     0  startup_stm32f429xx.o(.text)
    DMA2_Stream4_IRQHandler                  0x080002c7   Thumb Code     0  startup_stm32f429xx.o(.text)
    DMA2_Stream5_IRQHandler                  0x080002c7   Thumb Code     0  startup_stm32f429xx.o(.text)
    DMA2_Stream6_IRQHandler                  0x080002c7   Thumb Code     0  startup_stm32f429xx.o(.text)
    DMA2_Stream7_IRQHandler                  0x080002c7   Thumb Code     0  startup_stm32f429xx.o(.text)
    ETH_IRQHandler                           0x080002c7   Thumb Code     0  startup_stm32f429xx.o(.text)
    ETH_WKUP_IRQHandler                      0x080002c7   Thumb Code     0  startup_stm32f429xx.o(.text)
    EXTI0_IRQHandler                         0x080002c7   Thumb Code     0  startup_stm32f429xx.o(.text)
    EXTI15_10_IRQHandler                     0x080002c7   Thumb Code     0  startup_stm32f429xx.o(.text)
    EXTI1_IRQHandler                         0x080002c7   Thumb Code     0  startup_stm32f429xx.o(.text)
    EXTI2_IRQHandler                         0x080002c7   Thumb Code     0  startup_stm32f429xx.o(.text)
    EXTI3_IRQHandler                         0x080002c7   Thumb Code     0  startup_stm32f429xx.o(.text)
    EXTI4_IRQHandler                         0x080002c7   Thumb Code     0  startup_stm32f429xx.o(.text)
    EXTI9_5_IRQHandler                       0x080002c7   Thumb Code     0  startup_stm32f429xx.o(.text)
    FLASH_IRQHandler                         0x080002c7   Thumb Code     0  startup_stm32f429xx.o(.text)
    FMC_IRQHandler                           0x080002c7   Thumb Code     0  startup_stm32f429xx.o(.text)
    FPU_IRQHandler                           0x080002c7   Thumb Code     0  startup_stm32f429xx.o(.text)
    HASH_RNG_IRQHandler                      0x080002c7   Thumb Code     0  startup_stm32f429xx.o(.text)
    I2C1_ER_IRQHandler                       0x080002c7   Thumb Code     0  startup_stm32f429xx.o(.text)
    I2C1_EV_IRQHandler                       0x080002c7   Thumb Code     0  startup_stm32f429xx.o(.text)
    I2C2_ER_IRQHandler                       0x080002c7   Thumb Code     0  startup_stm32f429xx.o(.text)
    I2C2_EV_IRQHandler                       0x080002c7   Thumb Code     0  startup_stm32f429xx.o(.text)
    I2C3_ER_IRQHandler                       0x080002c7   Thumb Code     0  startup_stm32f429xx.o(.text)
    I2C3_EV_IRQHandler                       0x080002c7   Thumb Code     0  startup_stm32f429xx.o(.text)
    LTDC_ER_IRQHandler                       0x080002c7   Thumb Code     0  startup_stm32f429xx.o(.text)
    LTDC_IRQHandler                          0x080002c7   Thumb Code     0  startup_stm32f429xx.o(.text)
    OTG_FS_IRQHandler                        0x080002c7   Thumb Code     0  startup_stm32f429xx.o(.text)
    OTG_FS_WKUP_IRQHandler                   0x080002c7   Thumb Code     0  startup_stm32f429xx.o(.text)
    OTG_HS_EP1_IN_IRQHandler                 0x080002c7   Thumb Code     0  startup_stm32f429xx.o(.text)
    OTG_HS_EP1_OUT_IRQHandler                0x080002c7   Thumb Code     0  startup_stm32f429xx.o(.text)
    OTG_HS_IRQHandler                        0x080002c7   Thumb Code     0  startup_stm32f429xx.o(.text)
    OTG_HS_WKUP_IRQHandler                   0x080002c7   Thumb Code     0  startup_stm32f429xx.o(.text)
    PVD_IRQHandler                           0x080002c7   Thumb Code     0  startup_stm32f429xx.o(.text)
    RCC_IRQHandler                           0x080002c7   Thumb Code     0  startup_stm32f429xx.o(.text)
    RTC_Alarm_IRQHandler                     0x080002c7   Thumb Code     0  startup_stm32f429xx.o(.text)
    RTC_WKUP_IRQHandler                      0x080002c7   Thumb Code     0  startup_stm32f429xx.o(.text)
    SAI1_IRQHandler                          0x080002c7   Thumb Code     0  startup_stm32f429xx.o(.text)
    SDIO_IRQHandler                          0x080002c7   Thumb Code     0  startup_stm32f429xx.o(.text)
    SPI1_IRQHandler                          0x080002c7   Thumb Code     0  startup_stm32f429xx.o(.text)
    SPI2_IRQHandler                          0x080002c7   Thumb Code     0  startup_stm32f429xx.o(.text)
    SPI3_IRQHandler                          0x080002c7   Thumb Code     0  startup_stm32f429xx.o(.text)
    SPI4_IRQHandler                          0x080002c7   Thumb Code     0  startup_stm32f429xx.o(.text)
    SPI5_IRQHandler                          0x080002c7   Thumb Code     0  startup_stm32f429xx.o(.text)
    SPI6_IRQHandler                          0x080002c7   Thumb Code     0  startup_stm32f429xx.o(.text)
    TAMP_STAMP_IRQHandler                    0x080002c7   Thumb Code     0  startup_stm32f429xx.o(.text)
    TIM1_BRK_TIM9_IRQHandler                 0x080002c7   Thumb Code     0  startup_stm32f429xx.o(.text)
    TIM1_CC_IRQHandler                       0x080002c7   Thumb Code     0  startup_stm32f429xx.o(.text)
    TIM1_TRG_COM_TIM11_IRQHandler            0x080002c7   Thumb Code     0  startup_stm32f429xx.o(.text)
    TIM1_UP_TIM10_IRQHandler                 0x080002c7   Thumb Code     0  startup_stm32f429xx.o(.text)
    TIM2_IRQHandler                          0x080002c7   Thumb Code     0  startup_stm32f429xx.o(.text)
    TIM5_IRQHandler                          0x080002c7   Thumb Code     0  startup_stm32f429xx.o(.text)
    TIM6_DAC_IRQHandler                      0x080002c7   Thumb Code     0  startup_stm32f429xx.o(.text)
    TIM7_IRQHandler                          0x080002c7   Thumb Code     0  startup_stm32f429xx.o(.text)
    TIM8_BRK_TIM12_IRQHandler                0x080002c7   Thumb Code     0  startup_stm32f429xx.o(.text)
    TIM8_CC_IRQHandler                       0x080002c7   Thumb Code     0  startup_stm32f429xx.o(.text)
    TIM8_TRG_COM_TIM14_IRQHandler            0x080002c7   Thumb Code     0  startup_stm32f429xx.o(.text)
    TIM8_UP_TIM13_IRQHandler                 0x080002c7   Thumb Code     0  startup_stm32f429xx.o(.text)
    UART4_IRQHandler                         0x080002c7   Thumb Code     0  startup_stm32f429xx.o(.text)
    UART5_IRQHandler                         0x080002c7   Thumb Code     0  startup_stm32f429xx.o(.text)
    UART7_IRQHandler                         0x080002c7   Thumb Code     0  startup_stm32f429xx.o(.text)
    UART8_IRQHandler                         0x080002c7   Thumb Code     0  startup_stm32f429xx.o(.text)
    USART2_IRQHandler                        0x080002c7   Thumb Code     0  startup_stm32f429xx.o(.text)
    USART3_IRQHandler                        0x080002c7   Thumb Code     0  startup_stm32f429xx.o(.text)
    USART6_IRQHandler                        0x080002c7   Thumb Code     0  startup_stm32f429xx.o(.text)
    WWDG_IRQHandler                          0x080002c7   Thumb Code     0  startup_stm32f429xx.o(.text)
    __user_initial_stackheap                 0x080002c9   Thumb Code     0  startup_stm32f429xx.o(.text)
    __use_no_semihosting                     0x080002ed   Thumb Code     2  use_no_semi_2.o(.text)
    __2printf                                0x080002f1   Thumb Code    20  noretval__2printf.o(.text)
    __2sprintf                               0x08000309   Thumb Code    34  noretval__2sprintf.o(.text)
    _printf_pre_padding                      0x08000331   Thumb Code    44  _printf_pad.o(.text)
    _printf_post_padding                     0x0800035d   Thumb Code    34  _printf_pad.o(.text)
    _printf_str                              0x0800037f   Thumb Code    82  _printf_str.o(.text)
    _printf_int_dec                          0x080003d1   Thumb Code   104  _printf_dec.o(.text)
    _printf_int_hex                          0x08000449   Thumb Code    84  _printf_hex_int.o(.text)
    _printf_longlong_hex                     0x08000449   Thumb Code     0  _printf_hex_int.o(.text)
    __printf                                 0x080004a1   Thumb Code   388  __printf_flags_ss_wp.o(.text)
    __aeabi_memcpy4                          0x08000629   Thumb Code     0  rt_memcpy_w.o(.text)
    __aeabi_memcpy8                          0x08000629   Thumb Code     0  rt_memcpy_w.o(.text)
    __rt_memcpy_w                            0x08000629   Thumb Code   100  rt_memcpy_w.o(.text)
    _memcpy_lastbytes_aligned                0x08000671   Thumb Code     0  rt_memcpy_w.o(.text)
    __use_two_region_memory                  0x0800068d   Thumb Code     2  heapauxi.o(.text)
    __rt_heap_escrow$2region                 0x0800068f   Thumb Code     2  heapauxi.o(.text)
    __rt_heap_expand$2region                 0x08000691   Thumb Code     2  heapauxi.o(.text)
    __I$use$semihosting                      0x08000693   Thumb Code     0  use_no_semi.o(.text)
    __use_no_semihosting_swi                 0x08000693   Thumb Code     2  use_no_semi.o(.text)
    _printf_int_common                       0x08000695   Thumb Code   178  _printf_intcommon.o(.text)
    _printf_char_common                      0x08000753   Thumb Code    32  _printf_char_common.o(.text)
    _sputc                                   0x08000779   Thumb Code    10  _sputc.o(.text)
    _printf_cs_common                        0x08000783   Thumb Code    20  _printf_char.o(.text)
    _printf_char                             0x08000797   Thumb Code    16  _printf_char.o(.text)
    _printf_string                           0x080007a7   Thumb Code     8  _printf_char.o(.text)
    _printf_char_file                        0x080007b1   Thumb Code    32  _printf_char_file.o(.text)
    ferror                                   0x080007d5   Thumb Code     8  ferror.o(.text)
    __user_setup_stackheap                   0x080007dd   Thumb Code    74  sys_stackheap_outer.o(.text)
    exit                                     0x08000827   Thumb Code    18  exit.o(.text)
    __user_libspace                          0x08000839   Thumb Code     8  libspace.o(.text)
    __user_perproc_libspace                  0x08000839   Thumb Code     0  libspace.o(.text)
    __user_perthread_libspace                0x08000839   Thumb Code     0  libspace.o(.text)
    BusFault_Handler                         0x08000841   Thumb Code     2  stm32f4xx_it.o(i.BusFault_Handler)
    DCMI_CR_Set                              0x08000845   Thumb Code    58  dcmi.o(i.DCMI_CR_Set)
    DCMI_DMA_Init                            0x08000889   Thumb Code   162  dcmi.o(i.DCMI_DMA_Init)
    DCMI_IRQHandler                          0x0800093d   Thumb Code     6  dcmi.o(i.DCMI_IRQHandler)
    DCMI_Init                                0x08000949   Thumb Code    26  dcmi.o(i.DCMI_Init)
    DCMI_Set_Window                          0x0800096d   Thumb Code    86  dcmi.o(i.DCMI_Set_Window)
    DCMI_Start                               0x080009cd   Thumb Code    38  dcmi.o(i.DCMI_Start)
    DCMI_Stop                                0x080009fd   Thumb Code    30  dcmi.o(i.DCMI_Stop)
    DMA2_Stream1_IRQHandler                  0x08000a25   Thumb Code   104  dcmi.o(i.DMA2_Stream1_IRQHandler)
    DebugMon_Handler                         0x08000b0b   Thumb Code     2  stm32f4xx_it.o(i.DebugMon_Handler)
    FMC_NORSRAM_Extended_Timing_Init         0x08000b0d   Thumb Code    60  stm32f4xx_ll_fmc.o(i.FMC_NORSRAM_Extended_Timing_Init)
    FMC_NORSRAM_Init                         0x08000b4d   Thumb Code   110  stm32f4xx_ll_fmc.o(i.FMC_NORSRAM_Init)
    FMC_NORSRAM_Timing_Init                  0x08000bc5   Thumb Code    86  stm32f4xx_ll_fmc.o(i.FMC_NORSRAM_Timing_Init)
    FMC_SDRAM_Init                           0x08000c21   Thumb Code    76  stm32f4xx_ll_fmc.o(i.FMC_SDRAM_Init)
    FMC_SDRAM_ProgramRefreshRate             0x08000c6d   Thumb Code    12  stm32f4xx_ll_fmc.o(i.FMC_SDRAM_ProgramRefreshRate)
    FMC_SDRAM_SendCommand                    0x08000c79   Thumb Code    72  stm32f4xx_ll_fmc.o(i.FMC_SDRAM_SendCommand)
    FMC_SDRAM_Timing_Init                    0x08000cc1   Thumb Code   124  stm32f4xx_ll_fmc.o(i.FMC_SDRAM_Timing_Init)
    HAL_DCMI_DeInit                          0x08000d3d   Thumb Code    22  stm32f4xx_hal_dcmi.o(i.HAL_DCMI_DeInit)
    HAL_DCMI_ErrorCallback                   0x08000d53   Thumb Code     2  stm32f4xx_hal_dcmi.o(i.HAL_DCMI_ErrorCallback)
    HAL_DCMI_FrameEventCallback              0x08000d55   Thumb Code    46  dcmi.o(i.HAL_DCMI_FrameEventCallback)
    HAL_DCMI_IRQHandler                      0x08000d91   Thumb Code   228  stm32f4xx_hal_dcmi.o(i.HAL_DCMI_IRQHandler)
    HAL_DCMI_Init                            0x08000e75   Thumb Code   168  stm32f4xx_hal_dcmi_ex.o(i.HAL_DCMI_Init)
    HAL_DCMI_LineEventCallback               0x08000f21   Thumb Code     2  stm32f4xx_hal_dcmi.o(i.HAL_DCMI_LineEventCallback)
    HAL_DCMI_MspDeInit                       0x08000f23   Thumb Code     2  stm32f4xx_hal_dcmi.o(i.HAL_DCMI_MspDeInit)
    HAL_DCMI_MspInit                         0x08000f25   Thumb Code   208  dcmi.o(i.HAL_DCMI_MspInit)
    HAL_DCMI_VsyncEventCallback              0x0800100d   Thumb Code     2  stm32f4xx_hal_dcmi.o(i.HAL_DCMI_VsyncEventCallback)
    HAL_DMAEx_MultiBufferStart               0x0800100f   Thumb Code    92  stm32f4xx_hal_dma_ex.o(i.HAL_DMAEx_MultiBufferStart)
    HAL_DMA_Abort                            0x0800106b   Thumb Code    82  stm32f4xx_hal_dma.o(i.HAL_DMA_Abort)
    HAL_DMA_DeInit                           0x080010bd   Thumb Code    86  stm32f4xx_hal_dma.o(i.HAL_DMA_DeInit)
    HAL_DMA_Init                             0x08001115   Thumb Code   116  stm32f4xx_hal_dma.o(i.HAL_DMA_Init)
    HAL_DMA_Start                            0x0800118d   Thumb Code    58  stm32f4xx_hal_dma.o(i.HAL_DMA_Start)
    HAL_GPIO_Init                            0x080011c9   Thumb Code   422  stm32f4xx_hal_gpio.o(i.HAL_GPIO_Init)
    HAL_GPIO_ReadPin                         0x080013a5   Thumb Code    10  stm32f4xx_hal_gpio.o(i.HAL_GPIO_ReadPin)
    HAL_GPIO_WritePin                        0x080013af   Thumb Code    10  stm32f4xx_hal_gpio.o(i.HAL_GPIO_WritePin)
    HAL_GetTick                              0x080013b9   Thumb Code     6  stm32f4xx_hal.o(i.HAL_GetTick)
    HAL_IncTick                              0x080013c5   Thumb Code    10  stm32f4xx_hal.o(i.HAL_IncTick)
    HAL_Init                                 0x080013d5   Thumb Code    48  stm32f4xx_hal.o(i.HAL_Init)
    HAL_InitTick                             0x08001409   Thumb Code    34  stm32f4xx_hal.o(i.HAL_InitTick)
    HAL_LTDC_ConfigLayer                     0x0800142b   Thumb Code    82  stm32f4xx_hal_ltdc.o(i.HAL_LTDC_ConfigLayer)
    HAL_LTDC_Init                            0x0800147d   Thumb Code   248  stm32f4xx_hal_ltdc.o(i.HAL_LTDC_Init)
    HAL_LTDC_MspInit                         0x08001579   Thumb Code   218  ltdc.o(i.HAL_LTDC_MspInit)
    HAL_LTDC_SetWindowPosition               0x0800166d   Thumb Code    84  stm32f4xx_hal_ltdc.o(i.HAL_LTDC_SetWindowPosition)
    HAL_LTDC_SetWindowSize                   0x080016c1   Thumb Code    84  stm32f4xx_hal_ltdc.o(i.HAL_LTDC_SetWindowSize)
    HAL_MspInit                              0x08001715   Thumb Code     8  stm32f4xx_hal.o(i.HAL_MspInit)
    HAL_NVIC_EnableIRQ                       0x0800171d   Thumb Code    22  stm32f4xx_hal_cortex.o(i.HAL_NVIC_EnableIRQ)
    HAL_NVIC_SetPriority                     0x08001735   Thumb Code    60  stm32f4xx_hal_cortex.o(i.HAL_NVIC_SetPriority)
    HAL_NVIC_SetPriorityGrouping             0x08001775   Thumb Code    26  stm32f4xx_hal_cortex.o(i.HAL_NVIC_SetPriorityGrouping)
    HAL_PWREx_EnableOverDrive                0x08001799   Thumb Code   122  stm32f4xx_hal_pwr_ex.o(i.HAL_PWREx_EnableOverDrive)
    HAL_RCCEx_PeriphCLKConfig                0x08001821   Thumb Code   644  stm32f4xx_hal_rcc_ex.o(i.HAL_RCCEx_PeriphCLKConfig)
    HAL_RCC_ClockConfig                      0x08001ac9   Thumb Code   512  stm32f4xx_hal_rcc.o(i.HAL_RCC_ClockConfig)
    HAL_RCC_GetHCLKFreq                      0x08001cd1   Thumb Code    38  stm32f4xx_hal_rcc.o(i.HAL_RCC_GetHCLKFreq)
    HAL_RCC_GetPCLK1Freq                     0x08001d05   Thumb Code    36  stm32f4xx_hal_rcc.o(i.HAL_RCC_GetPCLK1Freq)
    HAL_RCC_GetPCLK2Freq                     0x08001d31   Thumb Code    36  stm32f4xx_hal_rcc.o(i.HAL_RCC_GetPCLK2Freq)
    HAL_RCC_GetSysClockFreq                  0x08001d5d   Thumb Code   104  stm32f4xx_hal_rcc.o(i.HAL_RCC_GetSysClockFreq)
    HAL_RCC_MCOConfig                        0x08001dd1   Thumb Code   126  stm32f4xx_hal_rcc.o(i.HAL_RCC_MCOConfig)
    HAL_RCC_OscConfig                        0x08001e5d   Thumb Code   774  stm32f4xx_hal_rcc.o(i.HAL_RCC_OscConfig)
    HAL_SDRAM_Init                           0x08002179   Thumb Code    66  stm32f4xx_hal_sdram.o(i.HAL_SDRAM_Init)
    HAL_SDRAM_MspInit                        0x080021bd   Thumb Code   194  sdram.o(i.HAL_SDRAM_MspInit)
    HAL_SDRAM_ProgramRefreshRate             0x08002299   Thumb Code    34  stm32f4xx_hal_sdram.o(i.HAL_SDRAM_ProgramRefreshRate)
    HAL_SDRAM_SendCommand                    0x080022bb   Thumb Code    46  stm32f4xx_hal_sdram.o(i.HAL_SDRAM_SendCommand)
    HAL_SRAM_Init                            0x080022e9   Thumb Code    86  stm32f4xx_hal_sram.o(i.HAL_SRAM_Init)
    HAL_SRAM_MspInit                         0x08002341   Thumb Code   106  lcd.o(i.HAL_SRAM_MspInit)
    HAL_SYSTICK_CLKSourceConfig              0x080023b9   Thumb Code    24  stm32f4xx_hal_cortex.o(i.HAL_SYSTICK_CLKSourceConfig)
    HAL_SYSTICK_Config                       0x080023d1   Thumb Code    40  stm32f4xx_hal_cortex.o(i.HAL_SYSTICK_Config)
    HAL_TIMEx_BreakCallback                  0x080023f9   Thumb Code     2  stm32f4xx_hal_tim_ex.o(i.HAL_TIMEx_BreakCallback)
    HAL_TIMEx_CommutationCallback            0x080023fb   Thumb Code     2  stm32f4xx_hal_tim_ex.o(i.HAL_TIMEx_CommutationCallback)
    HAL_TIM_Base_Init                        0x080023fd   Thumb Code    54  stm32f4xx_hal_tim.o(i.HAL_TIM_Base_Init)
    HAL_TIM_Base_MspInit                     0x08002435   Thumb Code    40  timer.o(i.HAL_TIM_Base_MspInit)
    HAL_TIM_Base_Start_IT                    0x08002461   Thumb Code    24  stm32f4xx_hal_tim.o(i.HAL_TIM_Base_Start_IT)
    HAL_TIM_IC_CaptureCallback               0x08002479   Thumb Code     2  stm32f4xx_hal_tim.o(i.HAL_TIM_IC_CaptureCallback)
    HAL_TIM_IRQHandler                       0x0800247b   Thumb Code   358  stm32f4xx_hal_tim.o(i.HAL_TIM_IRQHandler)
    HAL_TIM_OC_DelayElapsedCallback          0x080025e1   Thumb Code     2  stm32f4xx_hal_tim.o(i.HAL_TIM_OC_DelayElapsedCallback)
    HAL_TIM_PWM_PulseFinishedCallback        0x080025e3   Thumb Code     2  stm32f4xx_hal_tim.o(i.HAL_TIM_PWM_PulseFinishedCallback)
    HAL_TIM_PeriodElapsedCallback            0x080025e5   Thumb Code    34  timer.o(i.HAL_TIM_PeriodElapsedCallback)
    HAL_TIM_TriggerCallback                  0x08002635   Thumb Code     2  stm32f4xx_hal_tim.o(i.HAL_TIM_TriggerCallback)
    HAL_UART_ErrorCallback                   0x08002637   Thumb Code     2  stm32f4xx_hal_uart.o(i.HAL_UART_ErrorCallback)
    HAL_UART_IRQHandler                      0x08002639   Thumb Code   244  stm32f4xx_hal_uart.o(i.HAL_UART_IRQHandler)
    HAL_UART_Init                            0x0800272d   Thumb Code    94  stm32f4xx_hal_uart.o(i.HAL_UART_Init)
    HAL_UART_MspInit                         0x0800278d   Thumb Code   134  usart.o(i.HAL_UART_MspInit)
    HAL_UART_Receive                         0x08002821   Thumb Code   202  stm32f4xx_hal_uart.o(i.HAL_UART_Receive)
    HAL_UART_RxCpltCallback                  0x080028eb   Thumb Code     2  stm32f4xx_hal_uart.o(i.HAL_UART_RxCpltCallback)
    HAL_UART_TxCpltCallback                  0x080028ed   Thumb Code     2  stm32f4xx_hal_uart.o(i.HAL_UART_TxCpltCallback)
    HardFault_Handler                        0x080028ef   Thumb Code     2  stm32f4xx_it.o(i.HardFault_Handler)
    IIC_Ack                                  0x080028f1   Thumb Code    56  myiic.o(i.IIC_Ack)
    IIC_Init                                 0x08002931   Thumb Code    58  myiic.o(i.IIC_Init)
    IIC_NAck                                 0x08002979   Thumb Code    56  myiic.o(i.IIC_NAck)
    IIC_Read_Byte                            0x080029b9   Thumb Code    96  myiic.o(i.IIC_Read_Byte)
    IIC_Send_Byte                            0x08002a21   Thumb Code    86  myiic.o(i.IIC_Send_Byte)
    IIC_Start                                0x08002a81   Thumb Code    56  myiic.o(i.IIC_Start)
    IIC_Stop                                 0x08002ac1   Thumb Code    58  myiic.o(i.IIC_Stop)
    IIC_Wait_Ack                             0x08002b05   Thumb Code    74  myiic.o(i.IIC_Wait_Ack)
    KEY_Init                                 0x08002b59   Thumb Code   110  key.o(i.KEY_Init)
    KEY_Scan                                 0x08002bd9   Thumb Code   200  key.o(i.KEY_Scan)
    LCD_Clear                                0x08002cb1   Thumb Code    58  lcd.o(i.LCD_Clear)
    LCD_Display_Dir                          0x08002cf9   Thumb Code   234  lcd.o(i.LCD_Display_Dir)
    LCD_Fast_DrawPoint                       0x08002ded   Thumb Code   238  lcd.o(i.LCD_Fast_DrawPoint)
    LCD_Fill                                 0x08002ee9   Thumb Code    86  lcd.o(i.LCD_Fill)
    LCD_Init                                 0x08002f49   Thumb Code  9094  lcd.o(i.LCD_Init)
    LCD_RD_DATA                              0x080052d5   Thumb Code    16  lcd.o(i.LCD_RD_DATA)
    LCD_SSD_BackLightSet                     0x080052e9   Thumb Code    72  lcd.o(i.LCD_SSD_BackLightSet)
    LCD_Scan_Dir                             0x08005339   Thumb Code   434  lcd.o(i.LCD_Scan_Dir)
    LCD_SetCursor                            0x080054f1   Thumb Code   254  lcd.o(i.LCD_SetCursor)
    LCD_Set_Window                           0x080055f5   Thumb Code   354  lcd.o(i.LCD_Set_Window)
    LCD_ShowChar                             0x0800575d   Thumb Code   196  lcd.o(i.LCD_ShowChar)
    LCD_ShowString                           0x08005839   Thumb Code    84  lcd.o(i.LCD_ShowString)
    LCD_WR_DATA                              0x0800588d   Thumb Code    20  lcd.o(i.LCD_WR_DATA)
    LCD_WR_REG                               0x080058a5   Thumb Code    20  lcd.o(i.LCD_WR_REG)
    LCD_WriteRAM_Prepare                     0x080058bd   Thumb Code    10  lcd.o(i.LCD_WriteRAM_Prepare)
    LCD_WriteReg                             0x080058d1   Thumb Code    10  lcd.o(i.LCD_WriteReg)
    LED_Init                                 0x080058e1   Thumb Code   112  led.o(i.LED_Init)
    LTDC_Clear                               0x0800595d   Thumb Code    28  ltdc.o(i.LTDC_Clear)
    LTDC_Clk_Set                             0x0800597d   Thumb Code    30  ltdc.o(i.LTDC_Clk_Set)
    LTDC_Color_Fill                          0x0800599d   Thumb Code   176  ltdc.o(i.LTDC_Color_Fill)
    LTDC_Display_Dir                         0x08005a5d   Thumb Code    34  ltdc.o(i.LTDC_Display_Dir)
    LTDC_Draw_Point                          0x08005a85   Thumb Code    52  ltdc.o(i.LTDC_Draw_Point)
    LTDC_Fill                                0x08005ac1   Thumb Code   162  ltdc.o(i.LTDC_Fill)
    LTDC_Init                                0x08005b75   Thumb Code   410  ltdc.o(i.LTDC_Init)
    LTDC_Layer_Parameter_Config              0x08005d29   Thumb Code    86  ltdc.o(i.LTDC_Layer_Parameter_Config)
    LTDC_Layer_Window_Config                 0x08005d85   Thumb Code    32  ltdc.o(i.LTDC_Layer_Window_Config)
    LTDC_PanelID_Read                        0x08005da9   Thumb Code   170  ltdc.o(i.LTDC_PanelID_Read)
    MemManage_Handler                        0x08005fc3   Thumb Code     2  stm32f4xx_it.o(i.MemManage_Handler)
    NMI_Handler                              0x08005fc5   Thumb Code     2  stm32f4xx_it.o(i.NMI_Handler)
    OV5640_Brightness                        0x08005fe7   Thumb Code    72  ov5640.o(i.OV5640_Brightness)
    OV5640_Color_Saturation                  0x08006031   Thumb Code   106  ov5640.o(i.OV5640_Color_Saturation)
    OV5640_Contrast                          0x080060a1   Thumb Code    96  ov5640.o(i.OV5640_Contrast)
    OV5640_Flash_Ctrl                        0x08006101   Thumb Code    38  ov5640.o(i.OV5640_Flash_Ctrl)
    OV5640_Focus_Constant                    0x08006127   Thumb Code   102  ov5640.o(i.OV5640_Focus_Constant)
    OV5640_Focus_Init                        0x0800618d   Thumb Code   158  ov5640.o(i.OV5640_Focus_Init)
    OV5640_Focus_Single                      0x08006231   Thumb Code    48  ov5640.o(i.OV5640_Focus_Single)
    OV5640_ImageWin_Set                      0x08006261   Thumb Code   114  ov5640.o(i.OV5640_ImageWin_Set)
    OV5640_Init                              0x080062d5   Thumb Code   224  ov5640.o(i.OV5640_Init)
    OV5640_JPEG_Mode                         0x08006405   Thumb Code    30  ov5640.o(i.OV5640_JPEG_Mode)
    OV5640_Light_Mode                        0x08006429   Thumb Code    58  ov5640.o(i.OV5640_Light_Mode)
    OV5640_OutSize_Set                       0x08006469   Thumb Code   106  ov5640.o(i.OV5640_OutSize_Set)
    OV5640_PWDN_Set                          0x080064d3   Thumb Code     8  ov5640.o(i.OV5640_PWDN_Set)
    OV5640_RD_Reg                            0x080064db   Thumb Code    52  ov5640.o(i.OV5640_RD_Reg)
    OV5640_RGB565_Mode                       0x0800650f   Thumb Code     4  ov5640.o(i.OV5640_RGB565_Mode)
    OV5640_Sharpness                         0x08006513   Thumb Code    98  ov5640.o(i.OV5640_Sharpness)
    OV5640_Special_Effects                   0x08006575   Thumb Code    72  ov5640.o(i.OV5640_Special_Effects)
    OV5640_Test_Pattern                      0x080065c1   Thumb Code    28  ov5640.o(i.OV5640_Test_Pattern)
    OV5640_WR_Reg                            0x080065dd   Thumb Code    50  ov5640.o(i.OV5640_WR_Reg)
    PCF8574_Init                             0x08006611   Thumb Code    84  pcf8574.o(i.PCF8574_Init)
    PCF8574_ReadOneByte                      0x0800666d   Thumb Code    32  pcf8574.o(i.PCF8574_ReadOneByte)
    PCF8574_WriteBit                         0x0800668d   Thumb Code    32  pcf8574.o(i.PCF8574_WriteBit)
    PCF8574_WriteOneByte                     0x080066ad   Thumb Code    42  pcf8574.o(i.PCF8574_WriteOneByte)
    PendSV_Handler                           0x080066d7   Thumb Code     2  stm32f4xx_it.o(i.PendSV_Handler)
    SCCB_Init                                0x080066d9   Thumb Code    70  sccb.o(i.SCCB_Init)
    SCCB_No_Ack                              0x08006729   Thumb Code    52  sccb.o(i.SCCB_No_Ack)
    SCCB_RD_Byte                             0x08006761   Thumb Code    94  sccb.o(i.SCCB_RD_Byte)
    SCCB_Start                               0x080067c9   Thumb Code    46  sccb.o(i.SCCB_Start)
    SCCB_Stop                                0x080067fd   Thumb Code    48  sccb.o(i.SCCB_Stop)
    SCCB_WR_Byte                             0x08006831   Thumb Code   134  sccb.o(i.SCCB_WR_Byte)
    SDRAM_Init                               0x080068c1   Thumb Code    86  sdram.o(i.SDRAM_Init)
    SDRAM_Initialization_Sequence            0x08006921   Thumb Code    74  sdram.o(i.SDRAM_Initialization_Sequence)
    SDRAM_Send_Cmd                           0x08006971   Thumb Code    48  sdram.o(i.SDRAM_Send_Cmd)
    SVC_Handler                              0x080069a5   Thumb Code     2  stm32f4xx_it.o(i.SVC_Handler)
    Stm32_Clock_Init                         0x080069a9   Thumb Code   122  sys.o(i.Stm32_Clock_Init)
    SysTick_Handler                          0x08006a2d   Thumb Code     4  stm32f4xx_it.o(i.SysTick_Handler)
    SystemInit                               0x08006a31   Thumb Code    66  system_stm32f4xx.o(i.SystemInit)
    TIM3_IRQHandler                          0x08006a85   Thumb Code     6  timer.o(i.TIM3_IRQHandler)
    TIM3_Init                                0x08006a91   Thumb Code    34  timer.o(i.TIM3_Init)
    TIM4_IRQHandler                          0x08006abd   Thumb Code    44  usmart.o(i.TIM4_IRQHandler)
    TIM_Base_SetConfig                       0x08006af1   Thumb Code   148  stm32f4xx_hal_tim.o(i.TIM_Base_SetConfig)
    Timer4_Init                              0x08006bb1   Thumb Code    72  usmart.o(i.Timer4_Init)
    USART1_IRQHandler                        0x08006f19   Thumb Code   100  usart.o(i.USART1_IRQHandler)
    UsageFault_Handler                       0x08006f85   Thumb Code     2  stm32f4xx_it.o(i.UsageFault_Handler)
    _is_digit                                0x08006f87   Thumb Code    14  __printf_wp.o(i._is_digit)
    _sys_exit                                0x08006f95   Thumb Code     2  usart.o(i._sys_exit)
    delay_init                               0x08006f99   Thumb Code    16  delay.o(i.delay_init)
    delay_ms                                 0x08006fad   Thumb Code    26  delay.o(i.delay_ms)
    delay_us                                 0x08006fc9   Thumb Code    48  delay.o(i.delay_us)
    fputc                                    0x08006ffd   Thumb Code    14  usart.o(i.fputc)
    jpeg_data_process                        0x08007011   Thumb Code   158  main.o(i.jpeg_data_process)
    jpeg_dcmi_rx_callback                    0x080070c1   Thumb Code    82  main.o(i.jpeg_dcmi_rx_callback)
    jpeg_test                                0x08007125   Thumb Code   640  main.o(i.jpeg_test)
    main                                     0x080074a5   Thumb Code   366  main.o(i.main)
    read_addr                                0x08007691   Thumb Code     4  usmart.o(i.read_addr)
    rgb565_test                              0x08007695   Thumb Code   404  main.o(i.rgb565_test)
    rgblcd_dcmi_rx_callback                  0x080078dd   Thumb Code    54  main.o(i.rgblcd_dcmi_rx_callback)
    set_Cmos7670reg                          0x08007925   Thumb Code  1318  ov5640.o(i.set_Cmos7670reg)
    uart_init                                0x08007e4d   Thumb Code    28  usart.o(i.uart_init)
    usart2_init                              0x08007e71   Thumb Code   104  usart2.o(i.usart2_init)
    usmart_cmd_rec                           0x08007ee9   Thumb Code   144  usmart.o(i.usmart_cmd_rec)
    usmart_exe                               0x08007f7d   Thumb Code   510  usmart.o(i.usmart_exe)
    usmart_get_aparm                         0x080081dd   Thumb Code   156  usmart_str.o(i.usmart_get_aparm)
    usmart_get_cmdname                       0x08008279   Thumb Code    46  usmart_str.o(i.usmart_get_cmdname)
    usmart_get_fname                         0x080082a9   Thumb Code   352  usmart_str.o(i.usmart_get_fname)
    usmart_get_fparam                        0x08008411   Thumb Code   202  usmart_str.o(i.usmart_get_fparam)
    usmart_get_parmpos                       0x080084e1   Thumb Code    30  usmart_str.o(i.usmart_get_parmpos)
    usmart_get_runtime                       0x08008505   Thumb Code    38  usmart.o(i.usmart_get_runtime)
    usmart_init                              0x08008535   Thumb Code    36  usmart.o(i.usmart_init)
    usmart_pow                               0x0800855d   Thumb Code    16  usmart_str.o(i.usmart_pow)
    usmart_reset_runtime                     0x0800856d   Thumb Code    32  usmart.o(i.usmart_reset_runtime)
    usmart_scan                              0x08008595   Thumb Code    94  usmart.o(i.usmart_scan)
    usmart_search_nextc                      0x08008639   Thumb Code    16  usmart_str.o(i.usmart_search_nextc)
    usmart_str2num                           0x08008649   Thumb Code   160  usmart_str.o(i.usmart_str2num)
    usmart_strcmp                            0x080086e9   Thumb Code    24  usmart_str.o(i.usmart_strcmp)
    usmart_strcopy                           0x08008701   Thumb Code    18  usmart_str.o(i.usmart_strcopy)
    usmart_strlen                            0x08008713   Thumb Code    18  usmart_str.o(i.usmart_strlen)
    usmart_sys_cmd_exe                       0x08008725   Thumb Code  1458  usmart.o(i.usmart_sys_cmd_exe)
    write_addr                               0x08008da5   Thumb Code     4  usmart.o(i.write_addr)
    __aeabi_d2uiz                            0x08008da9   Thumb Code     0  dfixu.o(x$fpl$dfixu)
    _dfixu                                   0x08008da9   Thumb Code    90  dfixu.o(x$fpl$dfixu)
    __aeabi_ui2d                             0x08008e03   Thumb Code     0  dflt_clz.o(x$fpl$dfltu)
    _dfltu                                   0x08008e03   Thumb Code    38  dflt_clz.o(x$fpl$dfltu)
    __aeabi_dmul                             0x08008e29   Thumb Code     0  dmul.o(x$fpl$dmul)
    _dmul                                    0x08008e29   Thumb Code   332  dmul.o(x$fpl$dmul)
    __fpl_dnaninf                            0x08008f7d   Thumb Code   156  dnaninf.o(x$fpl$dnaninf)
    __fpl_dretinf                            0x08009019   Thumb Code    12  dretinf.o(x$fpl$dretinf)
    _fp_init                                 0x08009025   Thumb Code    10  fpinit.o(x$fpl$fpinit)
    __fplib_config_fpu_vfp                   0x0800902d   Thumb Code     0  fpinit.o(x$fpl$fpinit)
    __fplib_config_pureend_doubles           0x0800902d   Thumb Code     0  fpinit.o(x$fpl$fpinit)
    __I$use$fp                               0x0800902e   Number         0  usenofp.o(x$fpl$usenofp)
    jpeg_img_size_tbl                        0x0800902e   Data          28  main.o(.constdata)
    APBAHBPrescTable                         0x0800904a   Data          16  stm32f4xx_hal_rcc.o(.constdata)
    asc2_1206                                0x08009062   Data        1140  lcd.o(.constdata)
    asc2_1608                                0x080094d6   Data        1520  lcd.o(.constdata)
    asc2_2412                                0x08009ac6   Data        3420  lcd.o(.constdata)
    asc2_3216                                0x0800a822   Data       12160  lcd.o(.constdata)
    OV5640_jpeg_reg_tbl                      0x0800d7a2   Data          52  ov5640.o(.constdata)
    ov5640_rgb565_reg_tbl                    0x0800d7d6   Data          52  ov5640.o(.constdata)
    ov5640_uxga_init_reg_tbl                 0x0800d80a   Data         632  ov5640.o(.constdata)
    OV5640_AF_Config                         0x0800da82   Data        4077  ov5640.o(.constdata)
    Region$$Table$$Base                      0x0800eea0   Number         0  anon$$obj.o(Region$$Table)
    Region$$Table$$Limit                     0x0800eec0   Number         0  anon$$obj.o(Region$$Table)
    ovx_mode                                 0x20000000   Data           1  main.o(.data)
    jpeg_data_ok                             0x20000001   Data           1  main.o(.data)
    curline                                  0x20000002   Data           2  main.o(.data)
    yoffset                                  0x20000004   Data           2  main.o(.data)
    jpeg_data_len                            0x20000008   Data           4  main.o(.data)
    EFFECTS_TBL                              0x2000000c   Data          28  main.o(.data)
    JPEG_SIZE_TBL                            0x20000028   Data          28  main.o(.data)
    SystemCoreClock                          0x20000044   Data           4  system_stm32f4xx.o(.data)
    AHBPrescTable                            0x20000048   Data          16  system_stm32f4xx.o(.data)
    USART_RX_STA                             0x20000060   Data           2  usart.o(.data)
    __stdout                                 0x20000064   Data           4  usart.o(.data)
    POINT_COLOR                              0x2000006c   Data           4  lcd.o(.data)
    BACK_COLOR                               0x20000070   Data           4  lcd.o(.data)
    ltdc_framebuf                            0x20000074   Data           8  ltdc.o(.data)
    ov_frame                                 0x2000007c   Data           1  dcmi.o(.data)
    dcmi_rx_callback                         0x20000080   Data           4  dcmi.o(.data)
    sys_cmd_tab                              0x20000084   Data          28  usmart.o(.data)
    usmart_nametab                           0x200000a0   Data         152  usmart_config.o(.data)
    usmart_dev                               0x20000138   Data         244  usmart_config.o(.data)
    dcmi_line_buf                            0x2000022c   Data       16384  main.o(.bss)
    USART_RX_BUF                             0x2000422c   Data         200  usart.o(.bss)
    UART1_Handler                            0x200042f4   Data          64  usart.o(.bss)
    SRAM_Handler                             0x20004334   Data          80  lcd.o(.bss)
    lcddev                                   0x20004384   Data          14  lcd.o(.bss)
    SDRAM_Handler                            0x20004394   Data          52  sdram.o(.bss)
    LTDC_Handler                             0x200043c8   Data         168  ltdc.o(.bss)
    lcdltdc                                  0x20004470   Data          32  ltdc.o(.bss)
    TIM3_Handler                             0x20004490   Data          60  timer.o(.bss)
    USART2_Handler                           0x200044cc   Data          64  usart2.o(.bss)
    DCMI_Handler                             0x2000450c   Data          64  dcmi.o(.bss)
    DMADMCI_Handler                          0x2000454c   Data          88  dcmi.o(.bss)
    TIM4_Handler                             0x200045a4   Data          60  usmart.o(.bss)
    __libspace_start                         0x200045e0   Data          96  libspace.o(.bss)
    __temporary_stack_top$libspace           0x20004640   Data           0  libspace.o(.bss)
    ltdc_lcd_framebuf                        0xc0000000   Data       2048000  ltdc.o(.ARM.__AT_0xC0000000)
    jpeg_data_buf                            0xc01f4000   Data       125829120  main.o(.ARM.__AT_0xC01F4000)



==============================================================================

Memory Map of the image

  Image Entry point : 0x080001ad

  Load Region LR_IROM1 (Base: 0x08000000, Size: 0x0000f0ec, Max: 0x00100000, ABSOLUTE, COMPRESSED[0x0000efac])

    Execution Region ER_IROM1 (Base: 0x08000000, Size: 0x0000eec0, Max: 0x00100000, ABSOLUTE)

    Base Addr    Size         Type   Attr      Idx    E Section Name        Object

    0x08000000   0x000001ac   Data   RO          555    RESET               startup_stm32f429xx.o
    0x080001ac   0x00000008   Code   RO         5412  * !!!main             c_w.l(__main.o)
    0x080001b4   0x00000034   Code   RO         5603    !!!scatter          c_w.l(__scatter.o)
    0x080001e8   0x0000005a   Code   RO         5601    !!dczerorl2         c_w.l(__dczerorl2.o)
    0x08000242   0x00000002   PAD
    0x08000244   0x0000001c   Code   RO         5605    !!handler_zi        c_w.l(__scatter_zi.o)
    0x08000260   0x00000000   Code   RO         5407    .ARM.Collect$$_printf_percent$$00000000  c_w.l(_printf_percent.o)
    0x08000260   0x00000006   Code   RO         5405    .ARM.Collect$$_printf_percent$$00000009  c_w.l(_printf_d.o)
    0x08000266   0x00000006   Code   RO         5406    .ARM.Collect$$_printf_percent$$0000000A  c_w.l(_printf_u.o)
    0x0800026c   0x00000006   Code   RO         5404    .ARM.Collect$$_printf_percent$$0000000C  c_w.l(_printf_x.o)
    0x08000272   0x00000006   Code   RO         5402    .ARM.Collect$$_printf_percent$$00000013  c_w.l(_printf_c.o)
    0x08000278   0x00000006   Code   RO         5403    .ARM.Collect$$_printf_percent$$00000014  c_w.l(_printf_s.o)
    0x0800027e   0x00000004   Code   RO         5439    .ARM.Collect$$_printf_percent$$00000017  c_w.l(_printf_percent_end.o)
    0x08000282   0x00000002   Code   RO         5475    .ARM.Collect$$libinit$$00000000  c_w.l(libinit.o)
    0x08000284   0x00000004   Code   RO         5481    .ARM.Collect$$libinit$$00000001  c_w.l(libinit2.o)
    0x08000288   0x00000000   Code   RO         5484    .ARM.Collect$$libinit$$00000004  c_w.l(libinit2.o)
    0x08000288   0x00000000   Code   RO         5487    .ARM.Collect$$libinit$$0000000A  c_w.l(libinit2.o)
    0x08000288   0x00000000   Code   RO         5489    .ARM.Collect$$libinit$$0000000C  c_w.l(libinit2.o)
    0x08000288   0x00000000   Code   RO         5491    .ARM.Collect$$libinit$$0000000E  c_w.l(libinit2.o)
    0x08000288   0x00000000   Code   RO         5494    .ARM.Collect$$libinit$$00000011  c_w.l(libinit2.o)
    0x08000288   0x00000000   Code   RO         5496    .ARM.Collect$$libinit$$00000013  c_w.l(libinit2.o)
    0x08000288   0x00000000   Code   RO         5498    .ARM.Collect$$libinit$$00000015  c_w.l(libinit2.o)
    0x08000288   0x00000000   Code   RO         5500    .ARM.Collect$$libinit$$00000017  c_w.l(libinit2.o)
    0x08000288   0x00000000   Code   RO         5502    .ARM.Collect$$libinit$$00000019  c_w.l(libinit2.o)
    0x08000288   0x00000000   Code   RO         5504    .ARM.Collect$$libinit$$0000001B  c_w.l(libinit2.o)
    0x08000288   0x00000000   Code   RO         5506    .ARM.Collect$$libinit$$0000001D  c_w.l(libinit2.o)
    0x08000288   0x00000000   Code   RO         5508    .ARM.Collect$$libinit$$0000001F  c_w.l(libinit2.o)
    0x08000288   0x00000000   Code   RO         5510    .ARM.Collect$$libinit$$00000021  c_w.l(libinit2.o)
    0x08000288   0x00000000   Code   RO         5512    .ARM.Collect$$libinit$$00000023  c_w.l(libinit2.o)
    0x08000288   0x00000000   Code   RO         5514    .ARM.Collect$$libinit$$00000025  c_w.l(libinit2.o)
    0x08000288   0x00000000   Code   RO         5518    .ARM.Collect$$libinit$$0000002C  c_w.l(libinit2.o)
    0x08000288   0x00000000   Code   RO         5520    .ARM.Collect$$libinit$$0000002E  c_w.l(libinit2.o)
    0x08000288   0x00000000   Code   RO         5522    .ARM.Collect$$libinit$$00000030  c_w.l(libinit2.o)
    0x08000288   0x00000000   Code   RO         5524    .ARM.Collect$$libinit$$00000032  c_w.l(libinit2.o)
    0x08000288   0x00000002   Code   RO         5525    .ARM.Collect$$libinit$$00000033  c_w.l(libinit2.o)
    0x0800028a   0x00000002   Code   RO         5543    .ARM.Collect$$libshutdown$$00000000  c_w.l(libshutdown.o)
    0x0800028c   0x00000000   Code   RO         5553    .ARM.Collect$$libshutdown$$00000002  c_w.l(libshutdown2.o)
    0x0800028c   0x00000000   Code   RO         5555    .ARM.Collect$$libshutdown$$00000004  c_w.l(libshutdown2.o)
    0x0800028c   0x00000000   Code   RO         5558    .ARM.Collect$$libshutdown$$00000007  c_w.l(libshutdown2.o)
    0x0800028c   0x00000000   Code   RO         5561    .ARM.Collect$$libshutdown$$0000000A  c_w.l(libshutdown2.o)
    0x0800028c   0x00000000   Code   RO         5563    .ARM.Collect$$libshutdown$$0000000C  c_w.l(libshutdown2.o)
    0x0800028c   0x00000000   Code   RO         5566    .ARM.Collect$$libshutdown$$0000000F  c_w.l(libshutdown2.o)
    0x0800028c   0x00000002   Code   RO         5567    .ARM.Collect$$libshutdown$$00000010  c_w.l(libshutdown2.o)
    0x0800028e   0x00000000   Code   RO         5428    .ARM.Collect$$rtentry$$00000000  c_w.l(__rtentry.o)
    0x0800028e   0x00000000   Code   RO         5446    .ARM.Collect$$rtentry$$00000002  c_w.l(__rtentry2.o)
    0x0800028e   0x00000006   Code   RO         5458    .ARM.Collect$$rtentry$$00000004  c_w.l(__rtentry4.o)
    0x08000294   0x00000000   Code   RO         5448    .ARM.Collect$$rtentry$$00000009  c_w.l(__rtentry2.o)
    0x08000294   0x00000004   Code   RO         5449    .ARM.Collect$$rtentry$$0000000A  c_w.l(__rtentry2.o)
    0x08000298   0x00000000   Code   RO         5451    .ARM.Collect$$rtentry$$0000000C  c_w.l(__rtentry2.o)
    0x08000298   0x00000008   Code   RO         5452    .ARM.Collect$$rtentry$$0000000D  c_w.l(__rtentry2.o)
    0x080002a0   0x00000002   Code   RO         5479    .ARM.Collect$$rtexit$$00000000  c_w.l(rtexit.o)
    0x080002a2   0x00000000   Code   RO         5527    .ARM.Collect$$rtexit$$00000002  c_w.l(rtexit2.o)
    0x080002a2   0x00000004   Code   RO         5528    .ARM.Collect$$rtexit$$00000003  c_w.l(rtexit2.o)
    0x080002a6   0x00000006   Code   RO         5529    .ARM.Collect$$rtexit$$00000004  c_w.l(rtexit2.o)
    0x080002ac   0x00000040   Code   RO          556    .text               startup_stm32f429xx.o
    0x080002ec   0x00000002   Code   RO         5343    .text               c_w.l(use_no_semi_2.o)
    0x080002ee   0x00000002   PAD
    0x080002f0   0x00000018   Code   RO         5349    .text               c_w.l(noretval__2printf.o)
    0x08000308   0x00000028   Code   RO         5351    .text               c_w.l(noretval__2sprintf.o)
    0x08000330   0x0000004e   Code   RO         5355    .text               c_w.l(_printf_pad.o)
    0x0800037e   0x00000052   Code   RO         5357    .text               c_w.l(_printf_str.o)
    0x080003d0   0x00000078   Code   RO         5359    .text               c_w.l(_printf_dec.o)
    0x08000448   0x00000058   Code   RO         5364    .text               c_w.l(_printf_hex_int.o)
    0x080004a0   0x00000188   Code   RO         5399    .text               c_w.l(__printf_flags_ss_wp.o)
    0x08000628   0x00000064   Code   RO         5408    .text               c_w.l(rt_memcpy_w.o)
    0x0800068c   0x00000006   Code   RO         5410    .text               c_w.l(heapauxi.o)
    0x08000692   0x00000002   Code   RO         5426    .text               c_w.l(use_no_semi.o)
    0x08000694   0x000000b2   Code   RO         5429    .text               c_w.l(_printf_intcommon.o)
    0x08000746   0x00000002   PAD
    0x08000748   0x00000030   Code   RO         5431    .text               c_w.l(_printf_char_common.o)
    0x08000778   0x0000000a   Code   RO         5433    .text               c_w.l(_sputc.o)
    0x08000782   0x0000002c   Code   RO         5435    .text               c_w.l(_printf_char.o)
    0x080007ae   0x00000002   PAD
    0x080007b0   0x00000024   Code   RO         5437    .text               c_w.l(_printf_char_file.o)
    0x080007d4   0x00000008   Code   RO         5462    .text               c_w.l(ferror.o)
    0x080007dc   0x0000004a   Code   RO         5466    .text               c_w.l(sys_stackheap_outer.o)
    0x08000826   0x00000012   Code   RO         5468    .text               c_w.l(exit.o)
    0x08000838   0x00000008   Code   RO         5476    .text               c_w.l(libspace.o)
    0x08000840   0x00000002   Code   RO          342    i.BusFault_Handler  stm32f4xx_it.o
    0x08000842   0x00000002   PAD
    0x08000844   0x00000044   Code   RO         4852    i.DCMI_CR_Set       dcmi.o
    0x08000888   0x000000b4   Code   RO         4853    i.DCMI_DMA_Init     dcmi.o
    0x0800093c   0x0000000c   Code   RO         4854    i.DCMI_IRQHandler   dcmi.o
    0x08000948   0x00000024   Code   RO         4855    i.DCMI_Init         dcmi.o
    0x0800096c   0x00000060   Code   RO         4856    i.DCMI_Set_Window   dcmi.o
    0x080009cc   0x00000030   Code   RO         4857    i.DCMI_Start        dcmi.o
    0x080009fc   0x00000028   Code   RO         4858    i.DCMI_Stop         dcmi.o
    0x08000a24   0x00000078   Code   RO         4859    i.DMA2_Stream1_IRQHandler  dcmi.o
    0x08000a9c   0x00000028   Code   RO         1698    i.DMA_CalcBaseAndBitshift  stm32f4xx_hal_dma.o
    0x08000ac4   0x0000001e   Code   RO         1781    i.DMA_MultiBufferSetConfig  stm32f4xx_hal_dma_ex.o
    0x08000ae2   0x00000028   Code   RO         1699    i.DMA_SetConfig     stm32f4xx_hal_dma.o
    0x08000b0a   0x00000002   Code   RO          343    i.DebugMon_Handler  stm32f4xx_it.o
    0x08000b0c   0x00000040   Code   RO         2700    i.FMC_NORSRAM_Extended_Timing_Init  stm32f4xx_ll_fmc.o
    0x08000b4c   0x00000078   Code   RO         2701    i.FMC_NORSRAM_Init  stm32f4xx_ll_fmc.o
    0x08000bc4   0x0000005c   Code   RO         2702    i.FMC_NORSRAM_Timing_Init  stm32f4xx_ll_fmc.o
    0x08000c20   0x0000004c   Code   RO         2712    i.FMC_SDRAM_Init    stm32f4xx_ll_fmc.o
    0x08000c6c   0x0000000c   Code   RO         2713    i.FMC_SDRAM_ProgramRefreshRate  stm32f4xx_ll_fmc.o
    0x08000c78   0x00000048   Code   RO         2714    i.FMC_SDRAM_SendCommand  stm32f4xx_ll_fmc.o
    0x08000cc0   0x0000007c   Code   RO         2716    i.FMC_SDRAM_Timing_Init  stm32f4xx_ll_fmc.o
    0x08000d3c   0x00000016   Code   RO         3947    i.HAL_DCMI_DeInit   stm32f4xx_hal_dcmi.o
    0x08000d52   0x00000002   Code   RO         3950    i.HAL_DCMI_ErrorCallback  stm32f4xx_hal_dcmi.o
    0x08000d54   0x0000003c   Code   RO         4860    i.HAL_DCMI_FrameEventCallback  dcmi.o
    0x08000d90   0x000000e4   Code   RO         3954    i.HAL_DCMI_IRQHandler  stm32f4xx_hal_dcmi.o
    0x08000e74   0x000000ac   Code   RO         4068    i.HAL_DCMI_Init     stm32f4xx_hal_dcmi_ex.o
    0x08000f20   0x00000002   Code   RO         3956    i.HAL_DCMI_LineEventCallback  stm32f4xx_hal_dcmi.o
    0x08000f22   0x00000002   Code   RO         3957    i.HAL_DCMI_MspDeInit  stm32f4xx_hal_dcmi.o
    0x08000f24   0x000000e8   Code   RO         4861    i.HAL_DCMI_MspInit  dcmi.o
    0x0800100c   0x00000002   Code   RO         3961    i.HAL_DCMI_VsyncEventCallback  stm32f4xx_hal_dcmi.o
    0x0800100e   0x0000005c   Code   RO         1783    i.HAL_DMAEx_MultiBufferStart  stm32f4xx_hal_dma_ex.o
    0x0800106a   0x00000052   Code   RO         1700    i.HAL_DMA_Abort     stm32f4xx_hal_dma.o
    0x080010bc   0x00000056   Code   RO         1701    i.HAL_DMA_DeInit    stm32f4xx_hal_dma.o
    0x08001112   0x00000002   PAD
    0x08001114   0x00000078   Code   RO         1705    i.HAL_DMA_Init      stm32f4xx_hal_dma.o
    0x0800118c   0x0000003a   Code   RO         1707    i.HAL_DMA_Start     stm32f4xx_hal_dma.o
    0x080011c6   0x00000002   PAD
    0x080011c8   0x000001dc   Code   RO          847    i.HAL_GPIO_Init     stm32f4xx_hal_gpio.o
    0x080013a4   0x0000000a   Code   RO          849    i.HAL_GPIO_ReadPin  stm32f4xx_hal_gpio.o
    0x080013ae   0x0000000a   Code   RO          851    i.HAL_GPIO_WritePin  stm32f4xx_hal_gpio.o
    0x080013b8   0x0000000c   Code   RO          578    i.HAL_GetTick       stm32f4xx_hal.o
    0x080013c4   0x00000010   Code   RO          579    i.HAL_IncTick       stm32f4xx_hal.o
    0x080013d4   0x00000034   Code   RO          580    i.HAL_Init          stm32f4xx_hal.o
    0x08001408   0x00000022   Code   RO          581    i.HAL_InitTick      stm32f4xx_hal.o
    0x0800142a   0x00000052   Code   RO         3150    i.HAL_LTDC_ConfigLayer  stm32f4xx_hal_ltdc.o
    0x0800147c   0x000000fc   Code   RO         3162    i.HAL_LTDC_Init     stm32f4xx_hal_ltdc.o
    0x08001578   0x000000f4   Code   RO         4549    i.HAL_LTDC_MspInit  ltdc.o
    0x0800166c   0x00000054   Code   RO         3171    i.HAL_LTDC_SetWindowPosition  stm32f4xx_hal_ltdc.o
    0x080016c0   0x00000054   Code   RO         3172    i.HAL_LTDC_SetWindowSize  stm32f4xx_hal_ltdc.o
    0x08001714   0x00000008   Code   RO          583    i.HAL_MspInit       stm32f4xx_hal.o
    0x0800171c   0x00000016   Code   RO          724    i.HAL_NVIC_EnableIRQ  stm32f4xx_hal_cortex.o
    0x08001732   0x00000002   PAD
    0x08001734   0x00000040   Code   RO          730    i.HAL_NVIC_SetPriority  stm32f4xx_hal_cortex.o
    0x08001774   0x00000024   Code   RO          731    i.HAL_NVIC_SetPriorityGrouping  stm32f4xx_hal_cortex.o
    0x08001798   0x00000088   Code   RO         1036    i.HAL_PWREx_EnableOverDrive  stm32f4xx_hal_pwr_ex.o
    0x08001820   0x000002a8   Code   RO         1208    i.HAL_RCCEx_PeriphCLKConfig  stm32f4xx_hal_rcc_ex.o
    0x08001ac8   0x00000208   Code   RO         1103    i.HAL_RCC_ClockConfig  stm32f4xx_hal_rcc.o
    0x08001cd0   0x00000034   Code   RO         1108    i.HAL_RCC_GetHCLKFreq  stm32f4xx_hal_rcc.o
    0x08001d04   0x0000002c   Code   RO         1110    i.HAL_RCC_GetPCLK1Freq  stm32f4xx_hal_rcc.o
    0x08001d30   0x0000002c   Code   RO         1111    i.HAL_RCC_GetPCLK2Freq  stm32f4xx_hal_rcc.o
    0x08001d5c   0x00000074   Code   RO         1112    i.HAL_RCC_GetSysClockFreq  stm32f4xx_hal_rcc.o
    0x08001dd0   0x0000008c   Code   RO         1113    i.HAL_RCC_MCOConfig  stm32f4xx_hal_rcc.o
    0x08001e5c   0x0000031c   Code   RO         1115    i.HAL_RCC_OscConfig  stm32f4xx_hal_rcc.o
    0x08002178   0x00000042   Code   RO         2998    i.HAL_SDRAM_Init    stm32f4xx_hal_sdram.o
    0x080021ba   0x00000002   PAD
    0x080021bc   0x000000dc   Code   RO         4491    i.HAL_SDRAM_MspInit  sdram.o
    0x08002298   0x00000022   Code   RO         3001    i.HAL_SDRAM_ProgramRefreshRate  stm32f4xx_hal_sdram.o
    0x080022ba   0x0000002e   Code   RO         3007    i.HAL_SDRAM_SendCommand  stm32f4xx_hal_sdram.o
    0x080022e8   0x00000056   Code   RO         2876    i.HAL_SRAM_Init     stm32f4xx_hal_sram.o
    0x0800233e   0x00000002   PAD
    0x08002340   0x00000078   Code   RO         4274    i.HAL_SRAM_MspInit  lcd.o
    0x080023b8   0x00000018   Code   RO          733    i.HAL_SYSTICK_CLKSourceConfig  stm32f4xx_hal_cortex.o
    0x080023d0   0x00000028   Code   RO          735    i.HAL_SYSTICK_Config  stm32f4xx_hal_cortex.o
    0x080023f8   0x00000002   Code   RO         2453    i.HAL_TIMEx_BreakCallback  stm32f4xx_hal_tim_ex.o
    0x080023fa   0x00000002   Code   RO         2454    i.HAL_TIMEx_CommutationCallback  stm32f4xx_hal_tim_ex.o
    0x080023fc   0x00000036   Code   RO         1824    i.HAL_TIM_Base_Init  stm32f4xx_hal_tim.o
    0x08002432   0x00000002   PAD
    0x08002434   0x0000002c   Code   RO         4729    i.HAL_TIM_Base_MspInit  timer.o
    0x08002460   0x00000018   Code   RO         1829    i.HAL_TIM_Base_Start_IT  stm32f4xx_hal_tim.o
    0x08002478   0x00000002   Code   RO         1853    i.HAL_TIM_IC_CaptureCallback  stm32f4xx_hal_tim.o
    0x0800247a   0x00000166   Code   RO         1866    i.HAL_TIM_IRQHandler  stm32f4xx_hal_tim.o
    0x080025e0   0x00000002   Code   RO         1869    i.HAL_TIM_OC_DelayElapsedCallback  stm32f4xx_hal_tim.o
    0x080025e2   0x00000002   Code   RO         1896    i.HAL_TIM_PWM_PulseFinishedCallback  stm32f4xx_hal_tim.o
    0x080025e4   0x00000050   Code   RO         4730    i.HAL_TIM_PeriodElapsedCallback  timer.o
    0x08002634   0x00000002   Code   RO         1907    i.HAL_TIM_TriggerCallback  stm32f4xx_hal_tim.o
    0x08002636   0x00000002   Code   RO         1255    i.HAL_UART_ErrorCallback  stm32f4xx_hal_uart.o
    0x08002638   0x000000f4   Code   RO         1258    i.HAL_UART_IRQHandler  stm32f4xx_hal_uart.o
    0x0800272c   0x0000005e   Code   RO         1259    i.HAL_UART_Init     stm32f4xx_hal_uart.o
    0x0800278a   0x00000002   PAD
    0x0800278c   0x00000094   Code   RO         4158    i.HAL_UART_MspInit  usart.o
    0x08002820   0x000000ca   Code   RO         1262    i.HAL_UART_Receive  stm32f4xx_hal_uart.o
    0x080028ea   0x00000002   Code   RO         1265    i.HAL_UART_RxCpltCallback  stm32f4xx_hal_uart.o
    0x080028ec   0x00000002   Code   RO         1270    i.HAL_UART_TxCpltCallback  stm32f4xx_hal_uart.o
    0x080028ee   0x00000002   Code   RO          344    i.HardFault_Handler  stm32f4xx_it.o
    0x080028f0   0x00000040   Code   RO         4663    i.IIC_Ack           myiic.o
    0x08002930   0x00000048   Code   RO         4664    i.IIC_Init          myiic.o
    0x08002978   0x00000040   Code   RO         4665    i.IIC_NAck          myiic.o
    0x080029b8   0x00000068   Code   RO         4666    i.IIC_Read_Byte     myiic.o
    0x08002a20   0x00000060   Code   RO         4667    i.IIC_Send_Byte     myiic.o
    0x08002a80   0x00000040   Code   RO         4668    i.IIC_Start         myiic.o
    0x08002ac0   0x00000044   Code   RO         4669    i.IIC_Stop          myiic.o
    0x08002b04   0x00000054   Code   RO         4670    i.IIC_Wait_Ack      myiic.o
    0x08002b58   0x00000080   Code   RO         4243    i.KEY_Init          key.o
    0x08002bd8   0x000000d8   Code   RO         4244    i.KEY_Scan          key.o
    0x08002cb0   0x00000048   Code   RO         4276    i.LCD_Clear         lcd.o
    0x08002cf8   0x000000f4   Code   RO         4280    i.LCD_Display_Dir   lcd.o
    0x08002dec   0x000000fc   Code   RO         4285    i.LCD_Fast_DrawPoint  lcd.o
    0x08002ee8   0x00000060   Code   RO         4286    i.LCD_Fill          lcd.o
    0x08002f48   0x0000238c   Code   RO         4287    i.LCD_Init          lcd.o
    0x080052d4   0x00000014   Code   RO         4289    i.LCD_RD_DATA       lcd.o
    0x080052e8   0x00000050   Code   RO         4292    i.LCD_SSD_BackLightSet  lcd.o
    0x08005338   0x000001b8   Code   RO         4293    i.LCD_Scan_Dir      lcd.o
    0x080054f0   0x00000104   Code   RO         4294    i.LCD_SetCursor     lcd.o
    0x080055f4   0x00000168   Code   RO         4295    i.LCD_Set_Window    lcd.o
    0x0800575c   0x000000dc   Code   RO         4296    i.LCD_ShowChar      lcd.o
    0x08005838   0x00000054   Code   RO         4298    i.LCD_ShowString    lcd.o
    0x0800588c   0x00000018   Code   RO         4300    i.LCD_WR_DATA       lcd.o
    0x080058a4   0x00000018   Code   RO         4301    i.LCD_WR_REG        lcd.o
    0x080058bc   0x00000014   Code   RO         4303    i.LCD_WriteRAM_Prepare  lcd.o
    0x080058d0   0x00000010   Code   RO         4304    i.LCD_WriteReg      lcd.o
    0x080058e0   0x0000007c   Code   RO         4219    i.LED_Init          led.o
    0x0800595c   0x00000020   Code   RO         4550    i.LTDC_Clear        ltdc.o
    0x0800597c   0x0000001e   Code   RO         4551    i.LTDC_Clk_Set      ltdc.o
    0x0800599a   0x00000002   PAD
    0x0800599c   0x000000c0   Code   RO         4552    i.LTDC_Color_Fill   ltdc.o
    0x08005a5c   0x00000028   Code   RO         4553    i.LTDC_Display_Dir  ltdc.o
    0x08005a84   0x0000003c   Code   RO         4554    i.LTDC_Draw_Point   ltdc.o
    0x08005ac0   0x000000b4   Code   RO         4555    i.LTDC_Fill         ltdc.o
    0x08005b74   0x000001b4   Code   RO         4556    i.LTDC_Init         ltdc.o
    0x08005d28   0x0000005c   Code   RO         4557    i.LTDC_Layer_Parameter_Config  ltdc.o
    0x08005d84   0x00000024   Code   RO         4559    i.LTDC_Layer_Window_Config  ltdc.o
    0x08005da8   0x000000b8   Code   RO         4560    i.LTDC_PanelID_Read  ltdc.o
    0x08005e60   0x00000162   Code   RO         3173    i.LTDC_SetConfig    stm32f4xx_hal_ltdc.o
    0x08005fc2   0x00000002   Code   RO          345    i.MemManage_Handler  stm32f4xx_it.o
    0x08005fc4   0x00000002   Code   RO          346    i.NMI_Handler       stm32f4xx_it.o
    0x08005fc6   0x00000020   Code   RO          737    i.NVIC_SetPriority  stm32f4xx_hal_cortex.o
    0x08005fe6   0x00000048   Code   RO         4997    i.OV5640_Brightness  ov5640.o
    0x0800602e   0x00000002   PAD
    0x08006030   0x00000070   Code   RO         4998    i.OV5640_Color_Saturation  ov5640.o
    0x080060a0   0x00000060   Code   RO         4999    i.OV5640_Contrast   ov5640.o
    0x08006100   0x00000026   Code   RO         5001    i.OV5640_Flash_Ctrl  ov5640.o
    0x08006126   0x00000066   Code   RO         5002    i.OV5640_Focus_Constant  ov5640.o
    0x0800618c   0x000000a4   Code   RO         5003    i.OV5640_Focus_Init  ov5640.o
    0x08006230   0x00000030   Code   RO         5004    i.OV5640_Focus_Single  ov5640.o
    0x08006260   0x00000072   Code   RO         5005    i.OV5640_ImageWin_Set  ov5640.o
    0x080062d2   0x00000002   PAD
    0x080062d4   0x00000130   Code   RO         5006    i.OV5640_Init       ov5640.o
    0x08006404   0x00000024   Code   RO         5007    i.OV5640_JPEG_Mode  ov5640.o
    0x08006428   0x00000040   Code   RO         5008    i.OV5640_Light_Mode  ov5640.o
    0x08006468   0x0000006a   Code   RO         5009    i.OV5640_OutSize_Set  ov5640.o
    0x080064d2   0x00000008   Code   RO         5010    i.OV5640_PWDN_Set   ov5640.o
    0x080064da   0x00000034   Code   RO         5011    i.OV5640_RD_Reg     ov5640.o
    0x0800650e   0x00000004   Code   RO         5012    i.OV5640_RGB565_Mode  ov5640.o
    0x08006512   0x00000062   Code   RO         5013    i.OV5640_Sharpness  ov5640.o
    0x08006574   0x0000004c   Code   RO         5014    i.OV5640_Special_Effects  ov5640.o
    0x080065c0   0x0000001c   Code   RO         5015    i.OV5640_Test_Pattern  ov5640.o
    0x080065dc   0x00000032   Code   RO         5016    i.OV5640_WR_Reg     ov5640.o
    0x0800660e   0x00000002   PAD
    0x08006610   0x0000005c   Code   RO         4805    i.PCF8574_Init      pcf8574.o
    0x0800666c   0x00000020   Code   RO         4807    i.PCF8574_ReadOneByte  pcf8574.o
    0x0800668c   0x00000020   Code   RO         4808    i.PCF8574_WriteBit  pcf8574.o
    0x080066ac   0x0000002a   Code   RO         4809    i.PCF8574_WriteOneByte  pcf8574.o
    0x080066d6   0x00000002   Code   RO          347    i.PendSV_Handler    stm32f4xx_it.o
    0x080066d8   0x00000050   Code   RO         4938    i.SCCB_Init         sccb.o
    0x08006728   0x00000038   Code   RO         4939    i.SCCB_No_Ack       sccb.o
    0x08006760   0x00000068   Code   RO         4940    i.SCCB_RD_Byte      sccb.o
    0x080067c8   0x00000034   Code   RO         4941    i.SCCB_Start        sccb.o
    0x080067fc   0x00000034   Code   RO         4942    i.SCCB_Stop         sccb.o
    0x08006830   0x00000090   Code   RO         4943    i.SCCB_WR_Byte      sccb.o
    0x080068c0   0x00000060   Code   RO         4492    i.SDRAM_Init        sdram.o
    0x08006920   0x00000050   Code   RO         4493    i.SDRAM_Initialization_Sequence  sdram.o
    0x08006970   0x00000034   Code   RO         4494    i.SDRAM_Send_Cmd    sdram.o
    0x080069a4   0x00000002   Code   RO          348    i.SVC_Handler       stm32f4xx_it.o
    0x080069a6   0x00000002   PAD
    0x080069a8   0x00000084   Code   RO         4131    i.Stm32_Clock_Init  sys.o
    0x08006a2c   0x00000004   Code   RO          349    i.SysTick_Handler   stm32f4xx_it.o
    0x08006a30   0x00000054   Code   RO          421    i.SystemInit        system_stm32f4xx.o
    0x08006a84   0x0000000c   Code   RO         4731    i.TIM3_IRQHandler   timer.o
    0x08006a90   0x0000002c   Code   RO         4732    i.TIM3_Init         timer.o
    0x08006abc   0x00000034   Code   RO         5150    i.TIM4_IRQHandler   usmart.o
    0x08006af0   0x000000c0   Code   RO         1908    i.TIM_Base_SetConfig  stm32f4xx_hal_tim.o
    0x08006bb0   0x00000054   Code   RO         5151    i.Timer4_Init       usmart.o
    0x08006c04   0x000000a6   Code   RO         1277    i.UART_Receive_IT   stm32f4xx_hal_uart.o
    0x08006caa   0x00000002   PAD
    0x08006cac   0x00000174   Code   RO         1278    i.UART_SetConfig    stm32f4xx_hal_uart.o
    0x08006e20   0x00000066   Code   RO         1279    i.UART_Transmit_IT  stm32f4xx_hal_uart.o
    0x08006e86   0x00000092   Code   RO         1280    i.UART_WaitOnFlagUntilTimeout  stm32f4xx_hal_uart.o
    0x08006f18   0x0000006c   Code   RO         4159    i.USART1_IRQHandler  usart.o
    0x08006f84   0x00000002   Code   RO          350    i.UsageFault_Handler  stm32f4xx_it.o
    0x08006f86   0x0000000e   Code   RO         5392    i._is_digit         c_w.l(__printf_wp.o)
    0x08006f94   0x00000002   Code   RO         4160    i._sys_exit         usart.o
    0x08006f96   0x00000002   PAD
    0x08006f98   0x00000014   Code   RO         4092    i.delay_init        delay.o
    0x08006fac   0x0000001a   Code   RO         4093    i.delay_ms          delay.o
    0x08006fc6   0x00000002   PAD
    0x08006fc8   0x00000034   Code   RO         4094    i.delay_us          delay.o
    0x08006ffc   0x00000014   Code   RO         4161    i.fputc             usart.o
    0x08007010   0x000000b0   Code   RO            4    i.jpeg_data_process  main.o
    0x080070c0   0x00000064   Code   RO            5    i.jpeg_dcmi_rx_callback  main.o
    0x08007124   0x00000380   Code   RO            6    i.jpeg_test         main.o
    0x080074a4   0x000001ec   Code   RO            7    i.main              main.o
    0x08007690   0x00000004   Code   RO         5152    i.read_addr         usmart.o
    0x08007694   0x00000248   Code   RO            8    i.rgb565_test       main.o
    0x080078dc   0x00000048   Code   RO            9    i.rgblcd_dcmi_rx_callback  main.o
    0x08007924   0x00000526   Code   RO         5017    i.set_Cmos7670reg   ov5640.o
    0x08007e4a   0x00000002   PAD
    0x08007e4c   0x00000024   Code   RO         4162    i.uart_init         usart.o
    0x08007e70   0x00000078   Code   RO         4775    i.usart2_init       usart2.o
    0x08007ee8   0x00000094   Code   RO         5153    i.usmart_cmd_rec    usmart.o
    0x08007f7c   0x00000260   Code   RO         5154    i.usmart_exe        usmart.o
    0x080081dc   0x0000009c   Code   RO         5239    i.usmart_get_aparm  usmart_str.o
    0x08008278   0x0000002e   Code   RO         5240    i.usmart_get_cmdname  usmart_str.o
    0x080082a6   0x00000002   PAD
    0x080082a8   0x00000168   Code   RO         5241    i.usmart_get_fname  usmart_str.o
    0x08008410   0x000000d0   Code   RO         5242    i.usmart_get_fparam  usmart_str.o
    0x080084e0   0x00000024   Code   RO         5243    i.usmart_get_parmpos  usmart_str.o
    0x08008504   0x00000030   Code   RO         5155    i.usmart_get_runtime  usmart.o
    0x08008534   0x00000028   Code   RO         5156    i.usmart_init       usmart.o
    0x0800855c   0x00000010   Code   RO         5244    i.usmart_pow        usmart_str.o
    0x0800856c   0x00000028   Code   RO         5157    i.usmart_reset_runtime  usmart.o
    0x08008594   0x000000a4   Code   RO         5158    i.usmart_scan       usmart.o
    0x08008638   0x00000010   Code   RO         5245    i.usmart_search_nextc  usmart_str.o
    0x08008648   0x000000a0   Code   RO         5246    i.usmart_str2num    usmart_str.o
    0x080086e8   0x00000018   Code   RO         5247    i.usmart_strcmp     usmart_str.o
    0x08008700   0x00000012   Code   RO         5248    i.usmart_strcopy    usmart_str.o
    0x08008712   0x00000012   Code   RO         5249    i.usmart_strlen     usmart_str.o
    0x08008724   0x00000680   Code   RO         5159    i.usmart_sys_cmd_exe  usmart.o
    0x08008da4   0x00000004   Code   RO         5160    i.write_addr        usmart.o
    0x08008da8   0x0000005a   Code   RO         5414    x$fpl$dfixu         fz_wm.l(dfixu.o)
    0x08008e02   0x00000026   Code   RO         5418    x$fpl$dfltu         fz_wm.l(dflt_clz.o)
    0x08008e28   0x00000154   Code   RO         5424    x$fpl$dmul          fz_wm.l(dmul.o)
    0x08008f7c   0x0000009c   Code   RO         5440    x$fpl$dnaninf       fz_wm.l(dnaninf.o)
    0x08009018   0x0000000c   Code   RO         5442    x$fpl$dretinf       fz_wm.l(dretinf.o)
    0x08009024   0x0000000a   Code   RO         5535    x$fpl$fpinit        fz_wm.l(fpinit.o)
    0x0800902e   0x00000000   Code   RO         5444    x$fpl$usenofp       fz_wm.l(usenofp.o)
    0x0800902e   0x0000001c   Data   RO           12    .constdata          main.o
    0x0800904a   0x00000010   Data   RO         1116    .constdata          stm32f4xx_hal_rcc.o
    0x0800905a   0x00000008   Data   RO         1709    .constdata          stm32f4xx_hal_dma.o
    0x08009062   0x00004740   Data   RO         4307    .constdata          lcd.o
    0x0800d7a2   0x00001359   Data   RO         5018    .constdata          ov5640.o
    0x0800eafb   0x00000028   Data   RO         5365    .constdata          c_w.l(_printf_hex_int.o)
    0x0800eb23   0x00000011   Data   RO         5400    .constdata          c_w.l(__printf_flags_ss_wp.o)
    0x0800eb34   0x00000069   Data   RO           13    .conststring        main.o
    0x0800eb9d   0x00000003   PAD
    0x0800eba0   0x00000028   Data   RO         5162    .conststring        usmart.o
    0x0800ebc8   0x000002d6   Data   RO         5318    .conststring        usmart_config.o
    0x0800ee9e   0x00000002   PAD
    0x0800eea0   0x00000020   Data   RO         5599    Region$$Table       anon$$obj.o


    Execution Region RW_IRAM1 (Base: 0x20000000, Size: 0x00004c40, Max: 0x00030000, ABSOLUTE, COMPRESSED[0x000000ec])

    Base Addr    Size         Type   Attr      Idx    E Section Name        Object

    0x20000000   0x00000044   Data   RW           14    .data               main.o
    0x20000044   0x00000014   Data   RW          422    .data               system_stm32f4xx.o
    0x20000058   0x00000004   Data   RW          586    .data               stm32f4xx_hal.o
    0x2000005c   0x00000004   Data   RW         4095    .data               delay.o
    0x20000060   0x00000002   Data   RW         4164    .data               usart.o
    0x20000062   0x00000002   PAD
    0x20000064   0x00000004   Data   RW         4165    .data               usart.o
    0x20000068   0x00000001   Data   RW         4245    .data               key.o
    0x20000069   0x00000003   PAD
    0x2000006c   0x00000008   Data   RW         4308    .data               lcd.o
    0x20000074   0x00000008   Data   RW         4567    .data               ltdc.o
    0x2000007c   0x00000008   Data   RW         4863    .data               dcmi.o
    0x20000084   0x0000001c   Data   RW         5163    .data               usmart.o
    0x200000a0   0x00000098   Data   RW         5319    .data               usmart_config.o
    0x20000138   0x000000f4   Data   RW         5320    .data               usmart_config.o
    0x2000022c   0x00004000   Zero   RW           11    .bss                main.o
    0x2000422c   0x00000108   Zero   RW         4163    .bss                usart.o
    0x20004334   0x0000005e   Zero   RW         4306    .bss                lcd.o
    0x20004392   0x00000002   PAD
    0x20004394   0x00000034   Zero   RW         4495    .bss                sdram.o
    0x200043c8   0x000000c8   Zero   RW         4565    .bss                ltdc.o
    0x20004490   0x0000003c   Zero   RW         4733    .bss                timer.o
    0x200044cc   0x00000040   Zero   RW         4776    .bss                usart2.o
    0x2000450c   0x00000098   Zero   RW         4862    .bss                dcmi.o
    0x200045a4   0x0000003c   Zero   RW         5161    .bss                usmart.o
    0x200045e0   0x00000060   Zero   RW         5477    .bss                c_w.l(libspace.o)
    0x20004640   0x00000200   Zero   RW          554    HEAP                startup_stm32f429xx.o
    0x20004840   0x00000400   Zero   RW          553    STACK               startup_stm32f429xx.o



  Load Region LR$$.ARM.__AT_0xC0000000 (Base: 0xc0000000, Size: 0x00000000, Max: 0x001f4000, ABSOLUTE)

    Execution Region ER$$.ARM.__AT_0xC0000000 (Base: 0xc0000000, Size: 0x001f4000, Max: 0x001f4000, ABSOLUTE, UNINIT)

    Base Addr    Size         Type   Attr      Idx    E Section Name        Object

    0xc0000000   0x001f4000   Zero   RW         4564    .ARM.__AT_0xC0000000  ltdc.o



  Load Region LR$$.ARM.__AT_0xC01F4000 (Base: 0xc01f4000, Size: 0x00000000, Max: 0x07800000, ABSOLUTE)

    Execution Region ER$$.ARM.__AT_0xC01F4000 (Base: 0xc01f4000, Size: 0x07800000, Max: 0x07800000, ABSOLUTE, UNINIT)

    Base Addr    Size         Type   Attr      Idx    E Section Name        Object

    0xc01f4000   0x07800000   Zero   RW           10    .ARM.__AT_0xC01F4000  main.o


==============================================================================

Image component sizes


      Code (inc. data)   RO Data    RW Data    ZI Data      Debug   Object Name

       892        128          0          8        152       7095   dcmi.o
        98          8          0          4          0       1971   delay.o
       344         34          0          1          0       1782   key.o
     11432        194      18240          8         94      20709   lcd.o
       124         12          0          0          0        931   led.o
      1526        128          0          8    2048200      10414   ltdc.o
      2320        616        133         68  125845504     444177   main.o
       616         76          0          0          0       5038   myiic.o
      2890        116       4953          0          0      17507   ov5640.o
       198          8          0          0          0       2933   pcf8574.o
       488         44          0          0          0       4478   sccb.o
       448         46          0          0         52       3446   sdram.o
        64         26        428          0       1536        836   startup_stm32f429xx.o
       122         16          0          4          0       4180   stm32f4xx_hal.o
       218         14          0          0          0      30953   stm32f4xx_hal_cortex.o
       258          0          0          0          0       4209   stm32f4xx_hal_dcmi.o
       172          4          0          0          0       1140   stm32f4xx_hal_dcmi_ex.o
       426         10          8          0          0       5056   stm32f4xx_hal_dma.o
       122          0          0          0          0       2061   stm32f4xx_hal_dma_ex.o
       496         54          0          0          0       3327   stm32f4xx_hal_gpio.o
       856          4          0          0          0       4777   stm32f4xx_hal_ltdc.o
       136         14          0          0          0       1312   stm32f4xx_hal_pwr_ex.o
      1712         86         16          0          0       7339   stm32f4xx_hal_rcc.o
       680         36          0          0          0       1684   stm32f4xx_hal_rcc_ex.o
       146          0          0          0          0       2744   stm32f4xx_hal_sdram.o
        86          0          0          0          0       1228   stm32f4xx_hal_sram.o
       636         44          0          0          0       6735   stm32f4xx_hal_tim.o
         4          0          0          0          0       1678   stm32f4xx_hal_tim_ex.o
      1332          8          0          0          0       8722   stm32f4xx_hal_uart.o
        20          0          0          0          0       4042   stm32f4xx_it.o
       560         20          0          0          0       6028   stm32f4xx_ll_fmc.o
       132         10          0          0          0       1151   sys.o
        84         18          0         20          0       1057   system_stm32f4xx.o
       180         66          0          0         60       2889   timer.o
       314         36          0          6        264       4891   usart.o
       120         16          0          0         64       1235   usart2.o
      2856       1354         40         28         60       8059   usmart.o
         0          0        726        396          0       1568   usmart_config.o
      1058         20          0          0          0       9443   usmart_str.o

    ----------------------------------------------------------------------
     34202       3266      24581        556  127895988     648825   Object Totals
         0          0         32          0          0          0   (incl. Generated)
        36          0          5          5          2          0   (incl. Padding)

    ----------------------------------------------------------------------

      Code (inc. data)   RO Data    RW Data    ZI Data      Debug   Library Member Name

        90          0          0          0          0          0   __dczerorl2.o
         8          0          0          0          0         68   __main.o
       392          4         17          0          0         92   __printf_flags_ss_wp.o
        14          0          0          0          0         68   __printf_wp.o
         0          0          0          0          0          0   __rtentry.o
        12          0          0          0          0          0   __rtentry2.o
         6          0          0          0          0          0   __rtentry4.o
        52          8          0          0          0          0   __scatter.o
        28          0          0          0          0          0   __scatter_zi.o
         6          0          0          0          0          0   _printf_c.o
        44          0          0          0          0        108   _printf_char.o
        48          6          0          0          0         96   _printf_char_common.o
        36          4          0          0          0         80   _printf_char_file.o
         6          0          0          0          0          0   _printf_d.o
       120         16          0          0          0         92   _printf_dec.o
        88          4         40          0          0         88   _printf_hex_int.o
       178          0          0          0          0         88   _printf_intcommon.o
        78          0          0          0          0        108   _printf_pad.o
         0          0          0          0          0          0   _printf_percent.o
         4          0          0          0          0          0   _printf_percent_end.o
         6          0          0          0          0          0   _printf_s.o
        82          0          0          0          0         80   _printf_str.o
         6          0          0          0          0          0   _printf_u.o
         6          0          0          0          0          0   _printf_x.o
        10          0          0          0          0         68   _sputc.o
        18          0          0          0          0         80   exit.o
         8          0          0          0          0         68   ferror.o
         6          0          0          0          0        152   heapauxi.o
         2          0          0          0          0          0   libinit.o
         6          0          0          0          0          0   libinit2.o
         2          0          0          0          0          0   libshutdown.o
         2          0          0          0          0          0   libshutdown2.o
         8          4          0          0         96         68   libspace.o
        24          4          0          0          0         84   noretval__2printf.o
        40          6          0          0          0         84   noretval__2sprintf.o
       100          0          0          0          0         80   rt_memcpy_w.o
         2          0          0          0          0          0   rtexit.o
        10          0          0          0          0          0   rtexit2.o
        74          0          0          0          0         80   sys_stackheap_outer.o
         2          0          0          0          0         68   use_no_semi.o
         2          0          0          0          0         68   use_no_semi_2.o
        90          4          0          0          0        140   dfixu.o
        38          0          0          0          0        116   dflt_clz.o
       340         12          0          0          0        152   dmul.o
       156          4          0          0          0        140   dnaninf.o
        12          0          0          0          0        116   dretinf.o
        10          0          0          0          0        116   fpinit.o
         0          0          0          0          0          0   usenofp.o

    ----------------------------------------------------------------------
      2280         76         57          0         96       2648   Library Totals
         8          0          0          0          0          0   (incl. Padding)

    ----------------------------------------------------------------------

      Code (inc. data)   RO Data    RW Data    ZI Data      Debug   Library Name

      1626         56         57          0         96       1868   c_w.l
       646         20          0          0          0        780   fz_wm.l

    ----------------------------------------------------------------------
      2280         76         57          0         96       2648   Library Totals

    ----------------------------------------------------------------------

==============================================================================


      Code (inc. data)   RO Data    RW Data    ZI Data      Debug   

     36482       3342      24638        556  127896084     630037   Grand Totals
     36482       3342      24638        236  127896084     630037   ELF Image Totals (compressed)
     36482       3342      24638        236          0          0   ROM Totals

==============================================================================

    Total RO  Size (Code + RO Data)                61120 (  59.69kB)
    Total RW  Size (RW Data + ZI Data)         127896640 (124899.06kB)
    Total ROM Size (Code + RO Data + RW Data)      61356 (  59.92kB)

==============================================================================

